Dec 18 23:18:42 ubuntu kernel: Linux version 5.15.0-72-generic (buildd@lcy02-amd64-035) (gcc (Ubuntu 11.3.0-1ubuntu1~22.04.1) 11.3.0, GNU ld (GNU Binutils for Ubuntu) 2.38) #79-Ubuntu SMP Wed Apr 19 08:22:18 UTC 2023 (Ubuntu 5.15.0-72.79-generic 5.15.98)
Dec 18 23:18:42 ubuntu kernel: Command line: BOOT_IMAGE=/boot/vmlinuz-5.15.0-72-generic root=LABEL=cloudimg-rootfs ro console=tty1 console=ttyS0
Dec 18 23:18:42 ubuntu kernel: KERNEL supported cpus:
Dec 18 23:18:42 ubuntu kernel:   Intel GenuineIntel
Dec 18 23:18:42 ubuntu kernel:   AMD AuthenticAMD
Dec 18 23:18:42 ubuntu kernel:   Hygon HygonGenuine
Dec 18 23:18:42 ubuntu kernel:   Centaur CentaurHauls
Dec 18 23:18:42 ubuntu kernel:   zhaoxin   Shanghai  
Dec 18 23:18:42 ubuntu kernel: x86/fpu: Supporting XSAVE feature 0x001: 'x87 floating point registers'
Dec 18 23:18:42 ubuntu kernel: x86/fpu: Supporting XSAVE feature 0x002: 'SSE registers'
Dec 18 23:18:42 ubuntu kernel: x86/fpu: Supporting XSAVE feature 0x004: 'AVX registers'
Dec 18 23:18:42 ubuntu kernel: x86/fpu: Supporting XSAVE feature 0x200: 'Protection Keys User registers'
Dec 18 23:18:42 ubuntu kernel: x86/fpu: xstate_offset[2]:  576, xstate_sizes[2]:  256
Dec 18 23:18:42 ubuntu kernel: x86/fpu: xstate_offset[9]:  832, xstate_sizes[9]:    8
Dec 18 23:18:42 ubuntu kernel: x86/fpu: Enabled xstate features 0x207, context size is 840 bytes, using 'compacted' format.
Dec 18 23:18:42 ubuntu kernel: signal: max sigframe size: 3376
Dec 18 23:18:42 ubuntu kernel: BIOS-provided physical RAM map:
Dec 18 23:18:42 ubuntu kernel: BIOS-e820: [mem 0x0000000000000000-0x000000000009fbff] usable
Dec 18 23:18:42 ubuntu kernel: BIOS-e820: [mem 0x000000000009fc00-0x000000000009ffff] reserved
Dec 18 23:18:42 ubuntu kernel: BIOS-e820: [mem 0x00000000000f0000-0x00000000000fffff] reserved
Dec 18 23:18:42 ubuntu kernel: BIOS-e820: [mem 0x0000000000100000-0x000000003ffdafff] usable
Dec 18 23:18:42 ubuntu kernel: BIOS-e820: [mem 0x000000003ffdb000-0x000000003fffffff] reserved
Dec 18 23:18:42 ubuntu kernel: BIOS-e820: [mem 0x00000000feffc000-0x00000000feffffff] reserved
Dec 18 23:18:42 ubuntu kernel: BIOS-e820: [mem 0x00000000fffc0000-0x00000000ffffffff] reserved
Dec 18 23:18:42 ubuntu kernel: NX (Execute Disable) protection: active
Dec 18 23:18:42 ubuntu kernel: SMBIOS 2.8 present.
Dec 18 23:18:42 ubuntu kernel: DMI: QEMU Standard PC (i440FX + PIIX, 1996), BIOS 1.14.0-2 04/01/2014
Dec 18 23:18:42 ubuntu kernel: Hypervisor detected: KVM
Dec 18 23:18:42 ubuntu kernel: kvm-clock: Using msrs 4b564d01 and 4b564d00
Dec 18 23:18:42 ubuntu kernel: kvm-clock: cpu 0, msr 9001001, primary cpu clock
Dec 18 23:18:42 ubuntu kernel: kvm-clock: using sched offset of 2292860730 cycles
Dec 18 23:18:42 ubuntu kernel: clocksource: kvm-clock: mask: 0xffffffffffffffff max_cycles: 0x1cd42e4dffb, max_idle_ns: 881590591483 ns
Dec 18 23:18:42 ubuntu kernel: tsc: Detected 1996.249 MHz processor
Dec 18 23:18:42 ubuntu kernel: e820: update [mem 0x00000000-0x00000fff] usable ==> reserved
Dec 18 23:18:42 ubuntu kernel: e820: remove [mem 0x000a0000-0x000fffff] usable
Dec 18 23:18:42 ubuntu kernel: last_pfn = 0x3ffdb max_arch_pfn = 0x400000000
Dec 18 23:18:42 ubuntu kernel: x86/PAT: Configuration [0-7]: WB  WC  UC- UC  WB  WP  UC- WT  
Dec 18 23:18:42 ubuntu kernel: Using GB pages for direct mapping
Dec 18 23:18:42 ubuntu kernel: RAMDISK: [mem 0x3424d000-0x3611dfff]
Dec 18 23:18:42 ubuntu kernel: ACPI: Early table checksum verification disabled
Dec 18 23:18:42 ubuntu kernel: ACPI: RSDP 0x00000000000F5C00 000014 (v00 BOCHS )
Dec 18 23:18:42 ubuntu kernel: ACPI: RSDT 0x000000003FFED1D4 000038 (v01 BOCHS  BXPC     00000001 BXPC 00000001)
Dec 18 23:18:42 ubuntu kernel: ACPI: FACP 0x000000003FFEC3C0 000074 (v01 BOCHS  BXPC     00000001 BXPC 00000001)
Dec 18 23:18:42 ubuntu kernel: ACPI: DSDT 0x000000003FFE0040 00C380 (v01 BOCHS  BXPC     00000001 BXPC 00000001)
Dec 18 23:18:42 ubuntu kernel: ACPI: FACS 0x000000003FFE0000 000040
Dec 18 23:18:42 ubuntu kernel: ACPI: APIC 0x000000003FFEC434 000470 (v01 BOCHS  BXPC     00000001 BXPC 00000001)
Dec 18 23:18:42 ubuntu kernel: ACPI: HPET 0x000000003FFEC8A4 000038 (v01 BOCHS  BXPC     00000001 BXPC 00000001)
Dec 18 23:18:42 ubuntu kernel: ACPI: SRAT 0x000000003FFEC8DC 0008D0 (v01 BOCHS  BXPC     00000001 BXPC 00000001)
Dec 18 23:18:42 ubuntu kernel: ACPI: WAET 0x000000003FFED1AC 000028 (v01 BOCHS  BXPC     00000001 BXPC 00000001)
Dec 18 23:18:42 ubuntu kernel: ACPI: Reserving FACP table memory at [mem 0x3ffec3c0-0x3ffec433]
Dec 18 23:18:42 ubuntu kernel: ACPI: Reserving DSDT table memory at [mem 0x3ffe0040-0x3ffec3bf]
Dec 18 23:18:42 ubuntu kernel: ACPI: Reserving FACS table memory at [mem 0x3ffe0000-0x3ffe003f]
Dec 18 23:18:42 ubuntu kernel: ACPI: Reserving APIC table memory at [mem 0x3ffec434-0x3ffec8a3]
Dec 18 23:18:42 ubuntu kernel: ACPI: Reserving HPET table memory at [mem 0x3ffec8a4-0x3ffec8db]
Dec 18 23:18:42 ubuntu kernel: ACPI: Reserving SRAT table memory at [mem 0x3ffec8dc-0x3ffed1ab]
Dec 18 23:18:42 ubuntu kernel: ACPI: Reserving WAET table memory at [mem 0x3ffed1ac-0x3ffed1d3]
Dec 18 23:18:42 ubuntu kernel: SRAT: PXM 0 -> APIC 0x00 -> Node 0
Dec 18 23:18:42 ubuntu kernel: SRAT: PXM 0 -> APIC 0x01 -> Node 0
Dec 18 23:18:42 ubuntu kernel: SRAT: PXM 0 -> APIC 0x02 -> Node 0
Dec 18 23:18:42 ubuntu kernel: SRAT: PXM 0 -> APIC 0x03 -> Node 0
Dec 18 23:18:42 ubuntu kernel: SRAT: PXM 0 -> APIC 0x04 -> Node 0
Dec 18 23:18:42 ubuntu kernel: SRAT: PXM 0 -> APIC 0x05 -> Node 0
Dec 18 23:18:42 ubuntu kernel: SRAT: PXM 0 -> APIC 0x06 -> Node 0
Dec 18 23:18:42 ubuntu kernel: SRAT: PXM 0 -> APIC 0x07 -> Node 0
Dec 18 23:18:42 ubuntu kernel: SRAT: PXM 0 -> APIC 0x08 -> Node 0
Dec 18 23:18:42 ubuntu kernel: SRAT: PXM 0 -> APIC 0x09 -> Node 0
Dec 18 23:18:42 ubuntu kernel: SRAT: PXM 0 -> APIC 0x0a -> Node 0
Dec 18 23:18:42 ubuntu kernel: SRAT: PXM 0 -> APIC 0x0b -> Node 0
Dec 18 23:18:42 ubuntu kernel: SRAT: PXM 0 -> APIC 0x0c -> Node 0
Dec 18 23:18:42 ubuntu kernel: SRAT: PXM 0 -> APIC 0x0d -> Node 0
Dec 18 23:18:42 ubuntu kernel: SRAT: PXM 0 -> APIC 0x0e -> Node 0
Dec 18 23:18:42 ubuntu kernel: SRAT: PXM 0 -> APIC 0x0f -> Node 0
Dec 18 23:18:42 ubuntu kernel: SRAT: PXM 0 -> APIC 0x10 -> Node 0
Dec 18 23:18:42 ubuntu kernel: SRAT: PXM 0 -> APIC 0x11 -> Node 0
Dec 18 23:18:42 ubuntu kernel: SRAT: PXM 0 -> APIC 0x12 -> Node 0
Dec 18 23:18:42 ubuntu kernel: SRAT: PXM 0 -> APIC 0x13 -> Node 0
Dec 18 23:18:42 ubuntu kernel: SRAT: PXM 0 -> APIC 0x14 -> Node 0
Dec 18 23:18:42 ubuntu kernel: SRAT: PXM 0 -> APIC 0x15 -> Node 0
Dec 18 23:18:42 ubuntu kernel: SRAT: PXM 0 -> APIC 0x16 -> Node 0
Dec 18 23:18:42 ubuntu kernel: SRAT: PXM 0 -> APIC 0x17 -> Node 0
Dec 18 23:18:42 ubuntu kernel: SRAT: PXM 0 -> APIC 0x18 -> Node 0
Dec 18 23:18:42 ubuntu kernel: SRAT: PXM 0 -> APIC 0x19 -> Node 0
Dec 18 23:18:42 ubuntu kernel: SRAT: PXM 0 -> APIC 0x1a -> Node 0
Dec 18 23:18:42 ubuntu kernel: SRAT: PXM 0 -> APIC 0x1b -> Node 0
Dec 18 23:18:42 ubuntu kernel: SRAT: PXM 0 -> APIC 0x1c -> Node 0
Dec 18 23:18:42 ubuntu kernel: SRAT: PXM 0 -> APIC 0x1d -> Node 0
Dec 18 23:18:42 ubuntu kernel: SRAT: PXM 0 -> APIC 0x1e -> Node 0
Dec 18 23:18:42 ubuntu kernel: SRAT: PXM 0 -> APIC 0x1f -> Node 0
Dec 18 23:18:42 ubuntu kernel: SRAT: PXM 0 -> APIC 0x20 -> Node 0
Dec 18 23:18:42 ubuntu kernel: SRAT: PXM 0 -> APIC 0x21 -> Node 0
Dec 18 23:18:42 ubuntu kernel: SRAT: PXM 0 -> APIC 0x22 -> Node 0
Dec 18 23:18:42 ubuntu kernel: SRAT: PXM 0 -> APIC 0x23 -> Node 0
Dec 18 23:18:42 ubuntu kernel: SRAT: PXM 0 -> APIC 0x24 -> Node 0
Dec 18 23:18:42 ubuntu kernel: SRAT: PXM 0 -> APIC 0x25 -> Node 0
Dec 18 23:18:42 ubuntu kernel: SRAT: PXM 0 -> APIC 0x26 -> Node 0
Dec 18 23:18:42 ubuntu kernel: SRAT: PXM 0 -> APIC 0x27 -> Node 0
Dec 18 23:18:42 ubuntu kernel: SRAT: PXM 0 -> APIC 0x28 -> Node 0
Dec 18 23:18:42 ubuntu kernel: SRAT: PXM 0 -> APIC 0x29 -> Node 0
Dec 18 23:18:42 ubuntu kernel: SRAT: PXM 0 -> APIC 0x2a -> Node 0
Dec 18 23:18:42 ubuntu kernel: SRAT: PXM 0 -> APIC 0x2b -> Node 0
Dec 18 23:18:42 ubuntu kernel: SRAT: PXM 0 -> APIC 0x2c -> Node 0
Dec 18 23:18:42 ubuntu kernel: SRAT: PXM 0 -> APIC 0x2d -> Node 0
Dec 18 23:18:42 ubuntu kernel: SRAT: PXM 0 -> APIC 0x2e -> Node 0
Dec 18 23:18:42 ubuntu kernel: SRAT: PXM 0 -> APIC 0x2f -> Node 0
Dec 18 23:18:42 ubuntu kernel: SRAT: PXM 0 -> APIC 0x30 -> Node 0
Dec 18 23:18:42 ubuntu kernel: SRAT: PXM 0 -> APIC 0x31 -> Node 0
Dec 18 23:18:42 ubuntu kernel: SRAT: PXM 0 -> APIC 0x32 -> Node 0
Dec 18 23:18:42 ubuntu kernel: SRAT: PXM 0 -> APIC 0x33 -> Node 0
Dec 18 23:18:42 ubuntu kernel: SRAT: PXM 0 -> APIC 0x34 -> Node 0
Dec 18 23:18:42 ubuntu kernel: SRAT: PXM 0 -> APIC 0x35 -> Node 0
Dec 18 23:18:42 ubuntu kernel: SRAT: PXM 0 -> APIC 0x36 -> Node 0
Dec 18 23:18:42 ubuntu kernel: SRAT: PXM 0 -> APIC 0x37 -> Node 0
Dec 18 23:18:42 ubuntu kernel: SRAT: PXM 0 -> APIC 0x38 -> Node 0
Dec 18 23:18:42 ubuntu kernel: SRAT: PXM 0 -> APIC 0x39 -> Node 0
Dec 18 23:18:42 ubuntu kernel: SRAT: PXM 0 -> APIC 0x3a -> Node 0
Dec 18 23:18:42 ubuntu kernel: SRAT: PXM 0 -> APIC 0x3b -> Node 0
Dec 18 23:18:42 ubuntu kernel: SRAT: PXM 0 -> APIC 0x3c -> Node 0
Dec 18 23:18:42 ubuntu kernel: SRAT: PXM 0 -> APIC 0x3d -> Node 0
Dec 18 23:18:42 ubuntu kernel: SRAT: PXM 0 -> APIC 0x3e -> Node 0
Dec 18 23:18:42 ubuntu kernel: SRAT: PXM 0 -> APIC 0x3f -> Node 0
Dec 18 23:18:42 ubuntu kernel: SRAT: PXM 0 -> APIC 0x40 -> Node 0
Dec 18 23:18:42 ubuntu kernel: SRAT: PXM 0 -> APIC 0x41 -> Node 0
Dec 18 23:18:42 ubuntu kernel: SRAT: PXM 0 -> APIC 0x42 -> Node 0
Dec 18 23:18:42 ubuntu kernel: SRAT: PXM 0 -> APIC 0x43 -> Node 0
Dec 18 23:18:42 ubuntu kernel: SRAT: PXM 0 -> APIC 0x44 -> Node 0
Dec 18 23:18:42 ubuntu kernel: SRAT: PXM 0 -> APIC 0x45 -> Node 0
Dec 18 23:18:42 ubuntu kernel: SRAT: PXM 0 -> APIC 0x46 -> Node 0
Dec 18 23:18:42 ubuntu kernel: SRAT: PXM 0 -> APIC 0x47 -> Node 0
Dec 18 23:18:42 ubuntu kernel: SRAT: PXM 0 -> APIC 0x48 -> Node 0
Dec 18 23:18:42 ubuntu kernel: SRAT: PXM 0 -> APIC 0x49 -> Node 0
Dec 18 23:18:42 ubuntu kernel: SRAT: PXM 0 -> APIC 0x4a -> Node 0
Dec 18 23:18:42 ubuntu kernel: SRAT: PXM 0 -> APIC 0x4b -> Node 0
Dec 18 23:18:42 ubuntu kernel: SRAT: PXM 0 -> APIC 0x4c -> Node 0
Dec 18 23:18:42 ubuntu kernel: SRAT: PXM 0 -> APIC 0x4d -> Node 0
Dec 18 23:18:42 ubuntu kernel: SRAT: PXM 0 -> APIC 0x4e -> Node 0
Dec 18 23:18:42 ubuntu kernel: SRAT: PXM 0 -> APIC 0x4f -> Node 0
Dec 18 23:18:42 ubuntu kernel: SRAT: PXM 0 -> APIC 0x50 -> Node 0
Dec 18 23:18:42 ubuntu kernel: SRAT: PXM 0 -> APIC 0x51 -> Node 0
Dec 18 23:18:42 ubuntu kernel: SRAT: PXM 0 -> APIC 0x52 -> Node 0
Dec 18 23:18:42 ubuntu kernel: SRAT: PXM 0 -> APIC 0x53 -> Node 0
Dec 18 23:18:42 ubuntu kernel: SRAT: PXM 0 -> APIC 0x54 -> Node 0
Dec 18 23:18:42 ubuntu kernel: SRAT: PXM 0 -> APIC 0x55 -> Node 0
Dec 18 23:18:42 ubuntu kernel: SRAT: PXM 0 -> APIC 0x56 -> Node 0
Dec 18 23:18:42 ubuntu kernel: SRAT: PXM 0 -> APIC 0x57 -> Node 0
Dec 18 23:18:42 ubuntu kernel: SRAT: PXM 0 -> APIC 0x58 -> Node 0
Dec 18 23:18:42 ubuntu kernel: SRAT: PXM 0 -> APIC 0x59 -> Node 0
Dec 18 23:18:42 ubuntu kernel: SRAT: PXM 0 -> APIC 0x5a -> Node 0
Dec 18 23:18:42 ubuntu kernel: SRAT: PXM 0 -> APIC 0x5b -> Node 0
Dec 18 23:18:42 ubuntu kernel: SRAT: PXM 0 -> APIC 0x5c -> Node 0
Dec 18 23:18:42 ubuntu kernel: SRAT: PXM 0 -> APIC 0x5d -> Node 0
Dec 18 23:18:42 ubuntu kernel: SRAT: PXM 0 -> APIC 0x5e -> Node 0
Dec 18 23:18:42 ubuntu kernel: SRAT: PXM 0 -> APIC 0x5f -> Node 0
Dec 18 23:18:42 ubuntu kernel: SRAT: PXM 0 -> APIC 0x60 -> Node 0
Dec 18 23:18:42 ubuntu kernel: SRAT: PXM 0 -> APIC 0x61 -> Node 0
Dec 18 23:18:42 ubuntu kernel: SRAT: PXM 0 -> APIC 0x62 -> Node 0
Dec 18 23:18:42 ubuntu kernel: SRAT: PXM 0 -> APIC 0x63 -> Node 0
Dec 18 23:18:42 ubuntu kernel: SRAT: PXM 0 -> APIC 0x64 -> Node 0
Dec 18 23:18:42 ubuntu kernel: SRAT: PXM 0 -> APIC 0x65 -> Node 0
Dec 18 23:18:42 ubuntu kernel: SRAT: PXM 0 -> APIC 0x66 -> Node 0
Dec 18 23:18:42 ubuntu kernel: SRAT: PXM 0 -> APIC 0x67 -> Node 0
Dec 18 23:18:42 ubuntu kernel: SRAT: PXM 0 -> APIC 0x68 -> Node 0
Dec 18 23:18:42 ubuntu kernel: SRAT: PXM 0 -> APIC 0x69 -> Node 0
Dec 18 23:18:42 ubuntu kernel: SRAT: PXM 0 -> APIC 0x6a -> Node 0
Dec 18 23:18:42 ubuntu kernel: SRAT: PXM 0 -> APIC 0x6b -> Node 0
Dec 18 23:18:42 ubuntu kernel: SRAT: PXM 0 -> APIC 0x6c -> Node 0
Dec 18 23:18:42 ubuntu kernel: SRAT: PXM 0 -> APIC 0x6d -> Node 0
Dec 18 23:18:42 ubuntu kernel: SRAT: PXM 0 -> APIC 0x6e -> Node 0
Dec 18 23:18:42 ubuntu kernel: SRAT: PXM 0 -> APIC 0x6f -> Node 0
Dec 18 23:18:42 ubuntu kernel: SRAT: PXM 0 -> APIC 0x70 -> Node 0
Dec 18 23:18:42 ubuntu kernel: SRAT: PXM 0 -> APIC 0x71 -> Node 0
Dec 18 23:18:42 ubuntu kernel: SRAT: PXM 0 -> APIC 0x72 -> Node 0
Dec 18 23:18:42 ubuntu kernel: SRAT: PXM 0 -> APIC 0x73 -> Node 0
Dec 18 23:18:42 ubuntu kernel: SRAT: PXM 0 -> APIC 0x74 -> Node 0
Dec 18 23:18:42 ubuntu kernel: SRAT: PXM 0 -> APIC 0x75 -> Node 0
Dec 18 23:18:42 ubuntu kernel: SRAT: PXM 0 -> APIC 0x76 -> Node 0
Dec 18 23:18:42 ubuntu kernel: SRAT: PXM 0 -> APIC 0x77 -> Node 0
Dec 18 23:18:42 ubuntu kernel: SRAT: PXM 0 -> APIC 0x78 -> Node 0
Dec 18 23:18:42 ubuntu kernel: SRAT: PXM 0 -> APIC 0x79 -> Node 0
Dec 18 23:18:42 ubuntu kernel: SRAT: PXM 0 -> APIC 0x7a -> Node 0
Dec 18 23:18:42 ubuntu kernel: SRAT: PXM 0 -> APIC 0x7b -> Node 0
Dec 18 23:18:42 ubuntu kernel: SRAT: PXM 0 -> APIC 0x7c -> Node 0
Dec 18 23:18:42 ubuntu kernel: SRAT: PXM 0 -> APIC 0x7d -> Node 0
Dec 18 23:18:42 ubuntu kernel: SRAT: PXM 0 -> APIC 0x7e -> Node 0
Dec 18 23:18:42 ubuntu kernel: SRAT: PXM 0 -> APIC 0x7f -> Node 0
Dec 18 23:18:42 ubuntu kernel: ACPI: SRAT: Node 0 PXM 0 [mem 0x00000000-0x0009ffff]
Dec 18 23:18:42 ubuntu kernel: ACPI: SRAT: Node 0 PXM 0 [mem 0x00100000-0x3fffffff]
Dec 18 23:18:42 ubuntu kernel: ACPI: SRAT: Node 0 PXM 0 [mem 0x100000000-0x807fffffff] hotplug
Dec 18 23:18:42 ubuntu kernel: NUMA: Node 0 [mem 0x00000000-0x0009ffff] + [mem 0x00100000-0x3ffdafff] -> [mem 0x00000000-0x3ffdafff]
Dec 18 23:18:42 ubuntu kernel: NODE_DATA(0) allocated [mem 0x3ffb1000-0x3ffdafff]
Dec 18 23:18:42 ubuntu kernel: Zone ranges:
Dec 18 23:18:42 ubuntu kernel:   DMA      [mem 0x0000000000001000-0x0000000000ffffff]
Dec 18 23:18:42 ubuntu kernel:   DMA32    [mem 0x0000000001000000-0x000000003ffdafff]
Dec 18 23:18:42 ubuntu kernel:   Normal   empty
Dec 18 23:18:42 ubuntu kernel:   Device   empty
Dec 18 23:18:42 ubuntu kernel: Movable zone start for each node
Dec 18 23:18:42 ubuntu kernel: Early memory node ranges
Dec 18 23:18:42 ubuntu kernel:   node   0: [mem 0x0000000000001000-0x000000000009efff]
Dec 18 23:18:42 ubuntu kernel:   node   0: [mem 0x0000000000100000-0x000000003ffdafff]
Dec 18 23:18:42 ubuntu kernel: Initmem setup node 0 [mem 0x0000000000001000-0x000000003ffdafff]
Dec 18 23:18:42 ubuntu kernel: On node 0, zone DMA: 1 pages in unavailable ranges
Dec 18 23:18:42 ubuntu kernel: On node 0, zone DMA: 97 pages in unavailable ranges
Dec 18 23:18:42 ubuntu kernel: On node 0, zone DMA32: 37 pages in unavailable ranges
Dec 18 23:18:42 ubuntu kernel: ACPI: PM-Timer IO Port: 0x608
Dec 18 23:18:42 ubuntu kernel: ACPI: LAPIC_NMI (acpi_id[0xff] dfl dfl lint[0x1])
Dec 18 23:18:42 ubuntu kernel: IOAPIC[0]: apic_id 0, version 17, address 0xfec00000, GSI 0-23
Dec 18 23:18:42 ubuntu kernel: ACPI: INT_SRC_OVR (bus 0 bus_irq 0 global_irq 2 dfl dfl)
Dec 18 23:18:42 ubuntu kernel: ACPI: INT_SRC_OVR (bus 0 bus_irq 5 global_irq 5 high level)
Dec 18 23:18:42 ubuntu kernel: ACPI: INT_SRC_OVR (bus 0 bus_irq 9 global_irq 9 high level)
Dec 18 23:18:42 ubuntu kernel: ACPI: INT_SRC_OVR (bus 0 bus_irq 10 global_irq 10 high level)
Dec 18 23:18:42 ubuntu kernel: ACPI: INT_SRC_OVR (bus 0 bus_irq 11 global_irq 11 high level)
Dec 18 23:18:42 ubuntu kernel: ACPI: Using ACPI (MADT) for SMP configuration information
Dec 18 23:18:42 ubuntu kernel: ACPI: HPET id: 0x8086a201 base: 0xfed00000
Dec 18 23:18:42 ubuntu kernel: smpboot: Allowing 128 CPUs, 127 hotplug CPUs
Dec 18 23:18:42 ubuntu kernel: PM: hibernation: Registered nosave memory: [mem 0x00000000-0x00000fff]
Dec 18 23:18:42 ubuntu kernel: PM: hibernation: Registered nosave memory: [mem 0x0009f000-0x0009ffff]
Dec 18 23:18:42 ubuntu kernel: PM: hibernation: Registered nosave memory: [mem 0x000a0000-0x000effff]
Dec 18 23:18:42 ubuntu kernel: PM: hibernation: Registered nosave memory: [mem 0x000f0000-0x000fffff]
Dec 18 23:18:42 ubuntu kernel: [mem 0x40000000-0xfeffbfff] available for PCI devices
Dec 18 23:18:42 ubuntu kernel: Booting paravirtualized kernel on KVM
Dec 18 23:18:42 ubuntu kernel: clocksource: refined-jiffies: mask: 0xffffffff max_cycles: 0xffffffff, max_idle_ns: 7645519600211568 ns
Dec 18 23:18:42 ubuntu kernel: setup_percpu: NR_CPUS:8192 nr_cpumask_bits:128 nr_cpu_ids:128 nr_node_ids:1
Dec 18 23:18:42 ubuntu kernel: percpu: Embedded 60 pages/cpu s208896 r8192 d28672 u262144
Dec 18 23:18:42 ubuntu kernel: pcpu-alloc: s208896 r8192 d28672 u262144 alloc=1*2097152
Dec 18 23:18:42 ubuntu kernel: pcpu-alloc: [0] 000 001 002 003 004 005 006 007 
Dec 18 23:18:42 ubuntu kernel: pcpu-alloc: [0] 008 009 010 011 012 013 014 015 
Dec 18 23:18:42 ubuntu kernel: pcpu-alloc: [0] 016 017 018 019 020 021 022 023 
Dec 18 23:18:42 ubuntu kernel: pcpu-alloc: [0] 024 025 026 027 028 029 030 031 
Dec 18 23:18:42 ubuntu kernel: pcpu-alloc: [0] 032 033 034 035 036 037 038 039 
Dec 18 23:18:42 ubuntu kernel: pcpu-alloc: [0] 040 041 042 043 044 045 046 047 
Dec 18 23:18:42 ubuntu kernel: pcpu-alloc: [0] 048 049 050 051 052 053 054 055 
Dec 18 23:18:42 ubuntu kernel: pcpu-alloc: [0] 056 057 058 059 060 061 062 063 
Dec 18 23:18:42 ubuntu kernel: pcpu-alloc: [0] 064 065 066 067 068 069 070 071 
Dec 18 23:18:42 ubuntu kernel: pcpu-alloc: [0] 072 073 074 075 076 077 078 079 
Dec 18 23:18:42 ubuntu kernel: pcpu-alloc: [0] 080 081 082 083 084 085 086 087 
Dec 18 23:18:42 ubuntu kernel: pcpu-alloc: [0] 088 089 090 091 092 093 094 095 
Dec 18 23:18:42 ubuntu kernel: pcpu-alloc: [0] 096 097 098 099 100 101 102 103 
Dec 18 23:18:42 ubuntu kernel: pcpu-alloc: [0] 104 105 106 107 108 109 110 111 
Dec 18 23:18:42 ubuntu kernel: pcpu-alloc: [0] 112 113 114 115 116 117 118 119 
Dec 18 23:18:42 ubuntu kernel: pcpu-alloc: [0] 120 121 122 123 124 125 126 127 
Dec 18 23:18:42 ubuntu kernel: kvm-guest: PV spinlocks disabled, no host support
Dec 18 23:18:42 ubuntu kernel: Built 1 zonelists, mobility grouping on.  Total pages: 257755
Dec 18 23:18:42 ubuntu kernel: Policy zone: DMA32
Dec 18 23:18:42 ubuntu kernel: Kernel command line: BOOT_IMAGE=/boot/vmlinuz-5.15.0-72-generic root=LABEL=cloudimg-rootfs ro console=tty1 console=ttyS0
Dec 18 23:18:42 ubuntu kernel: Unknown kernel command line parameters "BOOT_IMAGE=/boot/vmlinuz-5.15.0-72-generic", will be passed to user space.
Dec 18 23:18:42 ubuntu kernel: printk: log_buf_len individual max cpu contribution: 4096 bytes
Dec 18 23:18:42 ubuntu kernel: printk: log_buf_len total cpu_extra contributions: 520192 bytes
Dec 18 23:18:42 ubuntu kernel: printk: log_buf_len min size: 262144 bytes
Dec 18 23:18:42 ubuntu kernel: printk: log_buf_len: 1048576 bytes
Dec 18 23:18:42 ubuntu kernel: printk: early log buf free: 248072(94%)
Dec 18 23:18:42 ubuntu kernel: Dentry cache hash table entries: 131072 (order: 8, 1048576 bytes, linear)
Dec 18 23:18:42 ubuntu kernel: Inode-cache hash table entries: 65536 (order: 7, 524288 bytes, linear)
Dec 18 23:18:42 ubuntu kernel: mem auto-init: stack:off, heap alloc:on, heap free:off
Dec 18 23:18:42 ubuntu kernel: Memory: 850628K/1048036K available (16393K kernel code, 4383K rwdata, 10840K rodata, 3244K init, 6548K bss, 197148K reserved, 0K cma-reserved)
Dec 18 23:18:42 ubuntu kernel: SLUB: HWalign=64, Order=0-3, MinObjects=0, CPUs=128, Nodes=1
Dec 18 23:18:42 ubuntu kernel: ftrace: allocating 50604 entries in 198 pages
Dec 18 23:18:42 ubuntu kernel: ftrace: allocated 198 pages with 4 groups
Dec 18 23:18:42 ubuntu kernel: rcu: Hierarchical RCU implementation.
Dec 18 23:18:42 ubuntu kernel: rcu:         RCU restricting CPUs from NR_CPUS=8192 to nr_cpu_ids=128.
Dec 18 23:18:42 ubuntu kernel:         Rude variant of Tasks RCU enabled.
Dec 18 23:18:42 ubuntu kernel:         Tracing variant of Tasks RCU enabled.
Dec 18 23:18:42 ubuntu kernel: rcu: RCU calculated value of scheduler-enlistment delay is 25 jiffies.
Dec 18 23:18:42 ubuntu kernel: rcu: Adjusting geometry for rcu_fanout_leaf=16, nr_cpu_ids=128
Dec 18 23:18:42 ubuntu kernel: NR_IRQS: 524544, nr_irqs: 1448, preallocated irqs: 16
Dec 18 23:18:42 ubuntu kernel: random: crng init done
Dec 18 23:18:42 ubuntu kernel: Console: colour VGA+ 80x25
Dec 18 23:18:42 ubuntu kernel: printk: console [tty1] enabled
Dec 18 23:18:42 ubuntu kernel: printk: console [ttyS0] enabled
Dec 18 23:18:42 ubuntu kernel: ACPI: Core revision 20210730
Dec 18 23:18:42 ubuntu kernel: clocksource: hpet: mask: 0xffffffff max_cycles: 0xffffffff, max_idle_ns: 19112604467 ns
Dec 18 23:18:42 ubuntu kernel: APIC: Switch to symmetric I/O mode setup
Dec 18 23:18:42 ubuntu kernel: x2apic enabled
Dec 18 23:18:42 ubuntu kernel: Switched APIC routing to physical x2apic.
Dec 18 23:18:42 ubuntu kernel: ..TIMER: vector=0x30 apic1=0 pin1=2 apic2=-1 pin2=-1
Dec 18 23:18:42 ubuntu kernel: tsc: Marking TSC unstable due to TSCs unsynchronized
Dec 18 23:18:42 ubuntu kernel: Calibrating delay loop (skipped) preset value.. 3992.49 BogoMIPS (lpj=7984996)
Dec 18 23:18:42 ubuntu kernel: pid_max: default: 131072 minimum: 1024
Dec 18 23:18:42 ubuntu kernel: LSM: Security Framework initializing
Dec 18 23:18:42 ubuntu kernel: landlock: Up and running.
Dec 18 23:18:42 ubuntu kernel: Yama: becoming mindful.
Dec 18 23:18:42 ubuntu kernel: AppArmor: AppArmor initialized
Dec 18 23:18:42 ubuntu kernel: Mount-cache hash table entries: 2048 (order: 2, 16384 bytes, linear)
Dec 18 23:18:42 ubuntu kernel: Mountpoint-cache hash table entries: 2048 (order: 2, 16384 bytes, linear)
Dec 18 23:18:42 ubuntu kernel: x86/cpu: User Mode Instruction Prevention (UMIP) activated
Dec 18 23:18:42 ubuntu kernel: Last level iTLB entries: 4KB 512, 2MB 255, 4MB 127
Dec 18 23:18:42 ubuntu kernel: Last level dTLB entries: 4KB 512, 2MB 255, 4MB 127, 1GB 0
Dec 18 23:18:42 ubuntu kernel: Spectre V1 : Mitigation: usercopy/swapgs barriers and __user pointer sanitization
Dec 18 23:18:42 ubuntu kernel: Spectre V2 : Mitigation: Retpolines
Dec 18 23:18:42 ubuntu kernel: Spectre V2 : Spectre v2 / SpectreRSB mitigation: Filling RSB on context switch
Dec 18 23:18:42 ubuntu kernel: Spectre V2 : Spectre v2 / SpectreRSB : Filling RSB on VMEXIT
Dec 18 23:18:42 ubuntu kernel: Spectre V2 : Enabling Restricted Speculation for firmware calls
Dec 18 23:18:42 ubuntu kernel: Spectre V2 : mitigation: Enabling conditional Indirect Branch Prediction Barrier
Dec 18 23:18:42 ubuntu kernel: Spectre V2 : User space: Mitigation: STIBP via seccomp and prctl
Dec 18 23:18:42 ubuntu kernel: Speculative Store Bypass: Mitigation: Speculative Store Bypass disabled via prctl and seccomp
Dec 18 23:18:42 ubuntu kernel: smpboot: CPU0: AMD EPYC-Milan Processor (family: 0x19, model: 0x1, stepping: 0x1)
Dec 18 23:18:42 ubuntu kernel: Performance Events: Fam17h+ core perfctr, AMD PMU driver.
Dec 18 23:18:42 ubuntu kernel: ... version:                0
Dec 18 23:18:42 ubuntu kernel: ... bit width:              48
Dec 18 23:18:42 ubuntu kernel: ... generic registers:      6
Dec 18 23:18:42 ubuntu kernel: ... value mask:             0000ffffffffffff
Dec 18 23:18:42 ubuntu kernel: ... max period:             00007fffffffffff
Dec 18 23:18:42 ubuntu kernel: ... fixed-purpose events:   0
Dec 18 23:18:42 ubuntu kernel: ... event mask:             000000000000003f
Dec 18 23:18:42 ubuntu kernel: rcu: Hierarchical SRCU implementation.
Dec 18 23:18:42 ubuntu kernel: smp: Bringing up secondary CPUs ...
Dec 18 23:18:42 ubuntu kernel: smp: Brought up 1 node, 1 CPU
Dec 18 23:18:42 ubuntu kernel: smpboot: Max logical packages: 128
Dec 18 23:18:42 ubuntu kernel: smpboot: Total of 1 processors activated (3992.49 BogoMIPS)
Dec 18 23:18:42 ubuntu kernel: devtmpfs: initialized
Dec 18 23:18:42 ubuntu kernel: x86/mm: Memory block size: 128MB
Dec 18 23:18:42 ubuntu kernel: clocksource: jiffies: mask: 0xffffffff max_cycles: 0xffffffff, max_idle_ns: 7645041785100000 ns
Dec 18 23:18:42 ubuntu kernel: futex hash table entries: 32768 (order: 9, 2097152 bytes, linear)
Dec 18 23:18:42 ubuntu kernel: pinctrl core: initialized pinctrl subsystem
Dec 18 23:18:42 ubuntu kernel: PM: RTC time: 17:48:36, date: 2023-12-18
Dec 18 23:18:42 ubuntu kernel: NET: Registered PF_NETLINK/PF_ROUTE protocol family
Dec 18 23:18:42 ubuntu kernel: DMA: preallocated 128 KiB GFP_KERNEL pool for atomic allocations
Dec 18 23:18:42 ubuntu kernel: DMA: preallocated 128 KiB GFP_KERNEL|GFP_DMA pool for atomic allocations
Dec 18 23:18:42 ubuntu kernel: DMA: preallocated 128 KiB GFP_KERNEL|GFP_DMA32 pool for atomic allocations
Dec 18 23:18:42 ubuntu kernel: audit: initializing netlink subsys (disabled)
Dec 18 23:18:42 ubuntu kernel: thermal_sys: Registered thermal governor 'fair_share'
Dec 18 23:18:42 ubuntu kernel: thermal_sys: Registered thermal governor 'bang_bang'
Dec 18 23:18:42 ubuntu kernel: thermal_sys: Registered thermal governor 'step_wise'
Dec 18 23:18:42 ubuntu kernel: thermal_sys: Registered thermal governor 'user_space'
Dec 18 23:18:42 ubuntu kernel: thermal_sys: Registered thermal governor 'power_allocator'
Dec 18 23:18:42 ubuntu kernel: EISA bus registered
Dec 18 23:18:42 ubuntu kernel: audit: type=2000 audit(1702921716.002:1): state=initialized audit_enabled=0 res=1
Dec 18 23:18:42 ubuntu kernel: cpuidle: using governor ladder
Dec 18 23:18:42 ubuntu kernel: cpuidle: using governor menu
Dec 18 23:18:42 ubuntu kernel: ACPI: bus type PCI registered
Dec 18 23:18:42 ubuntu kernel: acpiphp: ACPI Hot Plug PCI Controller Driver version: 0.5
Dec 18 23:18:42 ubuntu kernel: PCI: Using configuration type 1 for base access
Dec 18 23:18:42 ubuntu kernel: PCI: Using configuration type 1 for extended access
Dec 18 23:18:42 ubuntu kernel: kprobes: kprobe jump-optimization is enabled. All kprobes are optimized if possible.
Dec 18 23:18:42 ubuntu kernel: HugeTLB registered 1.00 GiB page size, pre-allocated 0 pages
Dec 18 23:18:42 ubuntu kernel: HugeTLB registered 2.00 MiB page size, pre-allocated 0 pages
Dec 18 23:18:42 ubuntu kernel: ACPI: Added _OSI(Module Device)
Dec 18 23:18:42 ubuntu kernel: ACPI: Added _OSI(Processor Device)
Dec 18 23:18:42 ubuntu kernel: ACPI: Added _OSI(3.0 _SCP Extensions)
Dec 18 23:18:42 ubuntu kernel: ACPI: Added _OSI(Processor Aggregator Device)
Dec 18 23:18:42 ubuntu kernel: ACPI: Added _OSI(Linux-Dell-Video)
Dec 18 23:18:42 ubuntu kernel: ACPI: Added _OSI(Linux-Lenovo-NV-HDMI-Audio)
Dec 18 23:18:42 ubuntu kernel: ACPI: Added _OSI(Linux-HPI-Hybrid-Graphics)
Dec 18 23:18:42 ubuntu kernel: ACPI: 1 ACPI AML tables successfully acquired and loaded
Dec 18 23:18:42 ubuntu kernel: ACPI: Interpreter enabled
Dec 18 23:18:42 ubuntu kernel: ACPI: PM: (supports S0 S3 S4 S5)
Dec 18 23:18:42 ubuntu kernel: ACPI: Using IOAPIC for interrupt routing
Dec 18 23:18:42 ubuntu kernel: PCI: Using host bridge windows from ACPI; if necessary, use "pci=nocrs" and report a bug
Dec 18 23:18:42 ubuntu kernel: PCI: Using E820 reservations for host bridge windows
Dec 18 23:18:42 ubuntu kernel: ACPI: Enabled 3 GPEs in block 00 to 0F
Dec 18 23:18:42 ubuntu kernel: ACPI: PCI Root Bridge [PCI0] (domain 0000 [bus 00-ff])
Dec 18 23:18:42 ubuntu kernel: acpi PNP0A03:00: _OSC: OS supports [ExtendedConfig ASPM ClockPM Segments MSI EDR HPX-Type3]
Dec 18 23:18:42 ubuntu kernel: acpiphp: Slot [3] registered
Dec 18 23:18:42 ubuntu kernel: acpiphp: Slot [4] registered
Dec 18 23:18:42 ubuntu kernel: acpiphp: Slot [5] registered
Dec 18 23:18:42 ubuntu kernel: acpiphp: Slot [6] registered
Dec 18 23:18:42 ubuntu kernel: acpiphp: Slot [7] registered
Dec 18 23:18:42 ubuntu kernel: acpiphp: Slot [8] registered
Dec 18 23:18:42 ubuntu kernel: acpiphp: Slot [9] registered
Dec 18 23:18:42 ubuntu kernel: acpiphp: Slot [10] registered
Dec 18 23:18:42 ubuntu kernel: acpiphp: Slot [11] registered
Dec 18 23:18:42 ubuntu kernel: acpiphp: Slot [12] registered
Dec 18 23:18:42 ubuntu kernel: acpiphp: Slot [13] registered
Dec 18 23:18:42 ubuntu kernel: acpiphp: Slot [14] registered
Dec 18 23:18:42 ubuntu kernel: acpiphp: Slot [15] registered
Dec 18 23:18:42 ubuntu kernel: acpiphp: Slot [16] registered
Dec 18 23:18:42 ubuntu kernel: acpiphp: Slot [17] registered
Dec 18 23:18:42 ubuntu kernel: acpiphp: Slot [18] registered
Dec 18 23:18:42 ubuntu kernel: acpiphp: Slot [19] registered
Dec 18 23:18:42 ubuntu kernel: acpiphp: Slot [20] registered
Dec 18 23:18:42 ubuntu kernel: acpiphp: Slot [21] registered
Dec 18 23:18:42 ubuntu kernel: acpiphp: Slot [22] registered
Dec 18 23:18:42 ubuntu kernel: acpiphp: Slot [23] registered
Dec 18 23:18:42 ubuntu kernel: acpiphp: Slot [24] registered
Dec 18 23:18:42 ubuntu kernel: acpiphp: Slot [25] registered
Dec 18 23:18:42 ubuntu kernel: acpiphp: Slot [26] registered
Dec 18 23:18:42 ubuntu kernel: acpiphp: Slot [27] registered
Dec 18 23:18:42 ubuntu kernel: acpiphp: Slot [28] registered
Dec 18 23:18:42 ubuntu kernel: acpiphp: Slot [29] registered
Dec 18 23:18:42 ubuntu kernel: acpiphp: Slot [30] registered
Dec 18 23:18:42 ubuntu kernel: acpiphp: Slot [31] registered
Dec 18 23:18:42 ubuntu kernel: PCI host bridge to bus 0000:00
Dec 18 23:18:42 ubuntu kernel: pci_bus 0000:00: root bus resource [bus 00-ff]
Dec 18 23:18:42 ubuntu kernel: pci_bus 0000:00: root bus resource [io  0x0000-0x0cf7 window]
Dec 18 23:18:42 ubuntu kernel: pci_bus 0000:00: root bus resource [io  0x0d00-0xffff window]
Dec 18 23:18:42 ubuntu kernel: pci_bus 0000:00: root bus resource [mem 0x000a0000-0x000bffff window]
Dec 18 23:18:42 ubuntu kernel: pci_bus 0000:00: root bus resource [mem 0x40000000-0xfebfffff window]
Dec 18 23:18:42 ubuntu kernel: pci_bus 0000:00: root bus resource [mem 0x8080000000-0x80ffffffff window]
Dec 18 23:18:42 ubuntu kernel: pci 0000:00:00.0: [8086:1237] type 00 class 0x060000
Dec 18 23:18:42 ubuntu kernel: pci 0000:00:01.0: [8086:7000] type 00 class 0x060100
Dec 18 23:18:42 ubuntu kernel: pci 0000:00:01.1: [8086:7010] type 00 class 0x010180
Dec 18 23:18:42 ubuntu kernel: pci 0000:00:01.1: reg 0x20: [io  0xc100-0xc10f]
Dec 18 23:18:42 ubuntu kernel: pci 0000:00:01.1: legacy IDE quirk: reg 0x10: [io  0x01f0-0x01f7]
Dec 18 23:18:42 ubuntu kernel: pci 0000:00:01.1: legacy IDE quirk: reg 0x14: [io  0x03f6]
Dec 18 23:18:42 ubuntu kernel: pci 0000:00:01.1: legacy IDE quirk: reg 0x18: [io  0x0170-0x0177]
Dec 18 23:18:42 ubuntu kernel: pci 0000:00:01.1: legacy IDE quirk: reg 0x1c: [io  0x0376]
Dec 18 23:18:42 ubuntu kernel: pci 0000:00:01.2: [8086:7020] type 00 class 0x0c0300
Dec 18 23:18:42 ubuntu kernel: pci 0000:00:01.2: reg 0x20: [io  0xc080-0xc09f]
Dec 18 23:18:42 ubuntu kernel: pci 0000:00:01.3: [8086:7113] type 00 class 0x068000
Dec 18 23:18:42 ubuntu kernel: pci 0000:00:01.3: quirk: [io  0x0600-0x063f] claimed by PIIX4 ACPI
Dec 18 23:18:42 ubuntu kernel: pci 0000:00:01.3: quirk: [io  0x0700-0x070f] claimed by PIIX4 SMB
Dec 18 23:18:42 ubuntu kernel: pci 0000:00:02.0: [1b36:0100] type 00 class 0x030000
Dec 18 23:18:42 ubuntu kernel: pci 0000:00:02.0: reg 0x10: [mem 0xf4000000-0xf7ffffff]
Dec 18 23:18:42 ubuntu kernel: pci 0000:00:02.0: reg 0x14: [mem 0xf8000000-0xfbffffff]
Dec 18 23:18:42 ubuntu kernel: pci 0000:00:02.0: reg 0x18: [mem 0xfc050000-0xfc051fff]
Dec 18 23:18:42 ubuntu kernel: pci 0000:00:02.0: reg 0x1c: [io  0xc0a0-0xc0bf]
Dec 18 23:18:42 ubuntu kernel: pci 0000:00:02.0: reg 0x30: [mem 0xfc040000-0xfc04ffff pref]
Dec 18 23:18:42 ubuntu kernel: pci 0000:00:02.0: Video device with shadowed ROM at [mem 0x000c0000-0x000dffff]
Dec 18 23:18:42 ubuntu kernel: pci 0000:00:03.0: [1af4:1005] type 00 class 0x00ff00
Dec 18 23:18:42 ubuntu kernel: pci 0000:00:03.0: reg 0x10: [io  0xc0c0-0xc0df]
Dec 18 23:18:42 ubuntu kernel: pci 0000:00:03.0: reg 0x20: [mem 0xfebf4000-0xfebf7fff 64bit pref]
Dec 18 23:18:42 ubuntu kernel: pci 0000:00:05.0: [1af4:1001] type 00 class 0x010000
Dec 18 23:18:42 ubuntu kernel: pci 0000:00:05.0: reg 0x10: [io  0xc000-0xc07f]
Dec 18 23:18:42 ubuntu kernel: pci 0000:00:05.0: reg 0x14: [mem 0xfc052000-0xfc052fff]
Dec 18 23:18:42 ubuntu kernel: pci 0000:00:05.0: reg 0x20: [mem 0xfebf8000-0xfebfbfff 64bit pref]
Dec 18 23:18:42 ubuntu kernel: pci 0000:00:06.0: [1af4:1000] type 00 class 0x020000
Dec 18 23:18:42 ubuntu kernel: pci 0000:00:06.0: reg 0x10: [io  0xc0e0-0xc0ff]
Dec 18 23:18:42 ubuntu kernel: pci 0000:00:06.0: reg 0x14: [mem 0xfc053000-0xfc053fff]
Dec 18 23:18:42 ubuntu kernel: pci 0000:00:06.0: reg 0x20: [mem 0xfebfc000-0xfebfffff 64bit pref]
Dec 18 23:18:42 ubuntu kernel: pci 0000:00:06.0: reg 0x30: [mem 0xfc000000-0xfc03ffff pref]
Dec 18 23:18:42 ubuntu kernel: ACPI: PCI: Interrupt link LNKA configured for IRQ 10
Dec 18 23:18:42 ubuntu kernel: ACPI: PCI: Interrupt link LNKB configured for IRQ 10
Dec 18 23:18:42 ubuntu kernel: ACPI: PCI: Interrupt link LNKC configured for IRQ 11
Dec 18 23:18:42 ubuntu kernel: ACPI: PCI: Interrupt link LNKD configured for IRQ 11
Dec 18 23:18:42 ubuntu kernel: ACPI: PCI: Interrupt link LNKS configured for IRQ 9
Dec 18 23:18:42 ubuntu kernel: iommu: Default domain type: Translated 
Dec 18 23:18:42 ubuntu kernel: iommu: DMA domain TLB invalidation policy: lazy mode 
Dec 18 23:18:42 ubuntu kernel: SCSI subsystem initialized
Dec 18 23:18:42 ubuntu kernel: libata version 3.00 loaded.
Dec 18 23:18:42 ubuntu kernel: pci 0000:00:02.0: vgaarb: setting as boot VGA device
Dec 18 23:18:42 ubuntu kernel: pci 0000:00:02.0: vgaarb: VGA device added: decodes=io+mem,owns=io+mem,locks=none
Dec 18 23:18:42 ubuntu kernel: pci 0000:00:02.0: vgaarb: bridge control possible
Dec 18 23:18:42 ubuntu kernel: vgaarb: loaded
Dec 18 23:18:42 ubuntu kernel: ACPI: bus type USB registered
Dec 18 23:18:42 ubuntu kernel: usbcore: registered new interface driver usbfs
Dec 18 23:18:42 ubuntu kernel: usbcore: registered new interface driver hub
Dec 18 23:18:42 ubuntu kernel: usbcore: registered new device driver usb
Dec 18 23:18:42 ubuntu kernel: pps_core: LinuxPPS API ver. 1 registered
Dec 18 23:18:42 ubuntu kernel: pps_core: Software ver. 5.3.6 - Copyright 2005-2007 Rodolfo Giometti <giometti@linux.it>
Dec 18 23:18:42 ubuntu kernel: PTP clock support registered
Dec 18 23:18:42 ubuntu kernel: EDAC MC: Ver: 3.0.0
Dec 18 23:18:42 ubuntu kernel: NetLabel: Initializing
Dec 18 23:18:42 ubuntu kernel: NetLabel:  domain hash size = 128
Dec 18 23:18:42 ubuntu kernel: NetLabel:  protocols = UNLABELED CIPSOv4 CALIPSO
Dec 18 23:18:42 ubuntu kernel: NetLabel:  unlabeled traffic allowed by default
Dec 18 23:18:42 ubuntu kernel: PCI: Using ACPI for IRQ routing
Dec 18 23:18:42 ubuntu kernel: PCI: pci_cache_line_size set to 64 bytes
Dec 18 23:18:42 ubuntu kernel: e820: reserve RAM buffer [mem 0x0009fc00-0x0009ffff]
Dec 18 23:18:42 ubuntu kernel: e820: reserve RAM buffer [mem 0x3ffdb000-0x3fffffff]
Dec 18 23:18:42 ubuntu kernel: hpet0: at MMIO 0xfed00000, IRQs 2, 8, 0
Dec 18 23:18:42 ubuntu kernel: hpet0: 3 comparators, 64-bit 100.000000 MHz counter
Dec 18 23:18:42 ubuntu kernel: clocksource: Switched to clocksource kvm-clock
Dec 18 23:18:42 ubuntu kernel: VFS: Disk quotas dquot_6.6.0
Dec 18 23:18:42 ubuntu kernel: VFS: Dquot-cache hash table entries: 512 (order 0, 4096 bytes)
Dec 18 23:18:42 ubuntu kernel: AppArmor: AppArmor Filesystem Enabled
Dec 18 23:18:42 ubuntu kernel: pnp: PnP ACPI init
Dec 18 23:18:42 ubuntu kernel: pnp 00:03: [dma 2]
Dec 18 23:18:42 ubuntu kernel: pnp: PnP ACPI: found 5 devices
Dec 18 23:18:42 ubuntu kernel: clocksource: acpi_pm: mask: 0xffffff max_cycles: 0xffffff, max_idle_ns: 2085701024 ns
Dec 18 23:18:42 ubuntu kernel: NET: Registered PF_INET protocol family
Dec 18 23:18:42 ubuntu kernel: IP idents hash table entries: 16384 (order: 5, 131072 bytes, linear)
Dec 18 23:18:42 ubuntu kernel: tcp_listen_portaddr_hash hash table entries: 512 (order: 1, 8192 bytes, linear)
Dec 18 23:18:42 ubuntu kernel: Table-perturb hash table entries: 65536 (order: 6, 262144 bytes, linear)
Dec 18 23:18:42 ubuntu kernel: TCP established hash table entries: 8192 (order: 4, 65536 bytes, linear)
Dec 18 23:18:42 ubuntu kernel: TCP bind hash table entries: 8192 (order: 5, 131072 bytes, linear)
Dec 18 23:18:42 ubuntu kernel: TCP: Hash tables configured (established 8192 bind 8192)
Dec 18 23:18:42 ubuntu kernel: MPTCP token hash table entries: 1024 (order: 2, 24576 bytes, linear)
Dec 18 23:18:42 ubuntu kernel: UDP hash table entries: 512 (order: 2, 16384 bytes, linear)
Dec 18 23:18:42 ubuntu kernel: UDP-Lite hash table entries: 512 (order: 2, 16384 bytes, linear)
Dec 18 23:18:42 ubuntu kernel: NET: Registered PF_UNIX/PF_LOCAL protocol family
Dec 18 23:18:42 ubuntu kernel: NET: Registered PF_XDP protocol family
Dec 18 23:18:42 ubuntu kernel: pci_bus 0000:00: resource 4 [io  0x0000-0x0cf7 window]
Dec 18 23:18:42 ubuntu kernel: pci_bus 0000:00: resource 5 [io  0x0d00-0xffff window]
Dec 18 23:18:42 ubuntu kernel: pci_bus 0000:00: resource 6 [mem 0x000a0000-0x000bffff window]
Dec 18 23:18:42 ubuntu kernel: pci_bus 0000:00: resource 7 [mem 0x40000000-0xfebfffff window]
Dec 18 23:18:42 ubuntu kernel: pci_bus 0000:00: resource 8 [mem 0x8080000000-0x80ffffffff window]
Dec 18 23:18:42 ubuntu kernel: pci 0000:00:01.0: PIIX3: Enabling Passive Release
Dec 18 23:18:42 ubuntu kernel: pci 0000:00:00.0: Limiting direct PCI/PCI transfers
Dec 18 23:18:42 ubuntu kernel: pci 0000:00:01.0: Activating ISA DMA hang workarounds
Dec 18 23:18:42 ubuntu kernel: ACPI: \_SB_.LNKD: Enabled at IRQ 11
Dec 18 23:18:42 ubuntu kernel: pci 0000:00:01.2: quirk_usb_early_handoff+0x0/0x160 took 113137 usecs
Dec 18 23:18:42 ubuntu kernel: PCI: CLS 0 bytes, default 64
Dec 18 23:18:42 ubuntu kernel: Trying to unpack rootfs image as initramfs...
Dec 18 23:18:42 ubuntu kernel: PCI-DMA: Using software bounce buffering for IO (SWIOTLB)
Dec 18 23:18:42 ubuntu kernel: software IO TLB: mapped [mem 0x0000000038980000-0x000000003c980000] (64MB)
Dec 18 23:18:42 ubuntu kernel: Initialise system trusted keyrings
Dec 18 23:18:42 ubuntu kernel: Key type blacklist registered
Dec 18 23:18:42 ubuntu kernel: workingset: timestamp_bits=36 max_order=18 bucket_order=0
Dec 18 23:18:42 ubuntu kernel: zbud: loaded
Dec 18 23:18:42 ubuntu kernel: squashfs: version 4.0 (2009/01/31) Phillip Lougher
Dec 18 23:18:42 ubuntu kernel: fuse: init (API version 7.34)
Dec 18 23:18:42 ubuntu kernel: integrity: Platform Keyring initialized
Dec 18 23:18:42 ubuntu kernel: Key type asymmetric registered
Dec 18 23:18:42 ubuntu kernel: Asymmetric key parser 'x509' registered
Dec 18 23:18:42 ubuntu kernel: Block layer SCSI generic (bsg) driver version 0.4 loaded (major 243)
Dec 18 23:18:42 ubuntu kernel: io scheduler mq-deadline registered
Dec 18 23:18:42 ubuntu kernel: shpchp: Standard Hot Plug PCI Controller Driver version: 0.4
Dec 18 23:18:42 ubuntu kernel: input: Power Button as /devices/LNXSYSTM:00/LNXPWRBN:00/input/input0
Dec 18 23:18:42 ubuntu kernel: ACPI: button: Power Button [PWRF]
Dec 18 23:18:42 ubuntu kernel: ACPI: \_SB_.LNKC: Enabled at IRQ 10
Dec 18 23:18:42 ubuntu kernel: ACPI: \_SB_.LNKA: Enabled at IRQ 10
Dec 18 23:18:42 ubuntu kernel: ACPI: \_SB_.LNKB: Enabled at IRQ 11
Dec 18 23:18:42 ubuntu kernel: Serial: 8250/16550 driver, 32 ports, IRQ sharing enabled
Dec 18 23:18:42 ubuntu kernel: 00:00: ttyS0 at I/O 0x3f8 (irq = 4, base_baud = 115200) is a 16550A
Dec 18 23:18:42 ubuntu kernel: Linux agpgart interface v0.103
Dec 18 23:18:42 ubuntu kernel: loop: module loaded
Dec 18 23:18:42 ubuntu kernel: ata_piix 0000:00:01.1: version 2.13
Dec 18 23:18:42 ubuntu kernel: scsi host0: ata_piix
Dec 18 23:18:42 ubuntu kernel: scsi host1: ata_piix
Dec 18 23:18:42 ubuntu kernel: ata1: PATA max MWDMA2 cmd 0x1f0 ctl 0x3f6 bmdma 0xc100 irq 14
Dec 18 23:18:42 ubuntu kernel: ata2: PATA max MWDMA2 cmd 0x170 ctl 0x376 bmdma 0xc108 irq 15
Dec 18 23:18:42 ubuntu kernel: tun: Universal TUN/TAP device driver, 1.6
Dec 18 23:18:42 ubuntu kernel: PPP generic driver version 2.4.2
Dec 18 23:18:42 ubuntu kernel: VFIO - User Level meta-driver version: 0.3
Dec 18 23:18:42 ubuntu kernel: ehci_hcd: USB 2.0 'Enhanced' Host Controller (EHCI) Driver
Dec 18 23:18:42 ubuntu kernel: ehci-pci: EHCI PCI platform driver
Dec 18 23:18:42 ubuntu kernel: ehci-platform: EHCI generic platform driver
Dec 18 23:18:42 ubuntu kernel: ohci_hcd: USB 1.1 'Open' Host Controller (OHCI) Driver
Dec 18 23:18:42 ubuntu kernel: ohci-pci: OHCI PCI platform driver
Dec 18 23:18:42 ubuntu kernel: ohci-platform: OHCI generic platform driver
Dec 18 23:18:42 ubuntu kernel: uhci_hcd: USB Universal Host Controller Interface driver
Dec 18 23:18:42 ubuntu kernel: uhci_hcd 0000:00:01.2: UHCI Host Controller
Dec 18 23:18:42 ubuntu kernel: uhci_hcd 0000:00:01.2: new USB bus registered, assigned bus number 1
Dec 18 23:18:42 ubuntu kernel: uhci_hcd 0000:00:01.2: detected 2 ports
Dec 18 23:18:42 ubuntu kernel: uhci_hcd 0000:00:01.2: irq 11, io base 0x0000c080
Dec 18 23:18:42 ubuntu kernel: usb usb1: New USB device found, idVendor=1d6b, idProduct=0001, bcdDevice= 5.15
Dec 18 23:18:42 ubuntu kernel: usb usb1: New USB device strings: Mfr=3, Product=2, SerialNumber=1
Dec 18 23:18:42 ubuntu kernel: usb usb1: Product: UHCI Host Controller
Dec 18 23:18:42 ubuntu kernel: usb usb1: Manufacturer: Linux 5.15.0-72-generic uhci_hcd
Dec 18 23:18:42 ubuntu kernel: usb usb1: SerialNumber: 0000:00:01.2
Dec 18 23:18:42 ubuntu kernel: hub 1-0:1.0: USB hub found
Dec 18 23:18:42 ubuntu kernel: hub 1-0:1.0: 2 ports detected
Dec 18 23:18:42 ubuntu kernel: i8042: PNP: PS/2 Controller [PNP0303:KBD,PNP0f13:MOU] at 0x60,0x64 irq 1,12
Dec 18 23:18:42 ubuntu kernel: serio: i8042 KBD port at 0x60,0x64 irq 1
Dec 18 23:18:42 ubuntu kernel: serio: i8042 AUX port at 0x60,0x64 irq 12
Dec 18 23:18:42 ubuntu kernel: mousedev: PS/2 mouse device common for all mice
Dec 18 23:18:42 ubuntu kernel: input: AT Translated Set 2 keyboard as /devices/platform/i8042/serio0/input/input1
Dec 18 23:18:42 ubuntu kernel: rtc_cmos 00:04: RTC can wake from S4
Dec 18 23:18:42 ubuntu kernel: rtc_cmos 00:04: registered as rtc0
Dec 18 23:18:42 ubuntu kernel: rtc_cmos 00:04: setting system clock to 2023-12-18T17:48:38 UTC (1702921718)
Dec 18 23:18:42 ubuntu kernel: rtc_cmos 00:04: alarms up to one day, y3k, 242 bytes nvram, hpet irqs
Dec 18 23:18:42 ubuntu kernel: i2c_dev: i2c /dev entries driver
Dec 18 23:18:42 ubuntu kernel: device-mapper: core: CONFIG_IMA_DISABLE_HTABLE is disabled. Duplicate IMA measurements will not be recorded in the IMA log.
Dec 18 23:18:42 ubuntu kernel: device-mapper: uevent: version 1.0.3
Dec 18 23:18:42 ubuntu kernel: device-mapper: ioctl: 4.45.0-ioctl (2021-03-22) initialised: dm-devel@redhat.com
Dec 18 23:18:42 ubuntu kernel: platform eisa.0: Probing EISA bus 0
Dec 18 23:18:42 ubuntu kernel: platform eisa.0: EISA: Cannot allocate resource for mainboard
Dec 18 23:18:42 ubuntu kernel: platform eisa.0: Cannot allocate resource for EISA slot 1
Dec 18 23:18:42 ubuntu kernel: platform eisa.0: Cannot allocate resource for EISA slot 2
Dec 18 23:18:42 ubuntu kernel: platform eisa.0: Cannot allocate resource for EISA slot 3
Dec 18 23:18:42 ubuntu kernel: hpet: Lost 3 RTC interrupts
Dec 18 23:18:42 ubuntu kernel: Freeing initrd memory: 31556K
Dec 18 23:18:42 ubuntu kernel: platform eisa.0: Cannot allocate resource for EISA slot 4
Dec 18 23:18:42 ubuntu kernel: platform eisa.0: Cannot allocate resource for EISA slot 5
Dec 18 23:18:42 ubuntu kernel: platform eisa.0: Cannot allocate resource for EISA slot 6
Dec 18 23:18:42 ubuntu kernel: platform eisa.0: Cannot allocate resource for EISA slot 7
Dec 18 23:18:42 ubuntu kernel: platform eisa.0: Cannot allocate resource for EISA slot 8
Dec 18 23:18:42 ubuntu kernel: platform eisa.0: EISA: Detected 0 cards
Dec 18 23:18:42 ubuntu kernel: ledtrig-cpu: registered to indicate activity on CPUs
Dec 18 23:18:42 ubuntu kernel: drop_monitor: Initializing network drop monitor service
Dec 18 23:18:42 ubuntu kernel: NET: Registered PF_INET6 protocol family
Dec 18 23:18:42 ubuntu kernel: Segment Routing with IPv6
Dec 18 23:18:42 ubuntu kernel: In-situ OAM (IOAM) with IPv6
Dec 18 23:18:42 ubuntu kernel: NET: Registered PF_PACKET protocol family
Dec 18 23:18:42 ubuntu kernel: Key type dns_resolver registered
Dec 18 23:18:42 ubuntu kernel: IPI shorthand broadcast: enabled
Dec 18 23:18:42 ubuntu kernel: sched_clock: Marking stable (1809220177, 469565694)->(2815649310, -536863439)
Dec 18 23:18:42 ubuntu kernel: registered taskstats version 1
Dec 18 23:18:42 ubuntu kernel: Loading compiled-in X.509 certificates
Dec 18 23:18:42 ubuntu kernel: Loaded X.509 cert 'Build time autogenerated kernel key: b90c334466bcc11badc67eaa0268e83fd80ac687'
Dec 18 23:18:42 ubuntu kernel: Loaded X.509 cert 'Canonical Ltd. Live Patch Signing: 14df34d1a87cf37625abec039ef2bf521249b969'
Dec 18 23:18:42 ubuntu kernel: Loaded X.509 cert 'Canonical Ltd. Kernel Module Signing: 88f752e560a1e0737e31163a466ad7b70a850c19'
Dec 18 23:18:42 ubuntu kernel: blacklist: Loading compiled-in revocation X.509 certificates
Dec 18 23:18:42 ubuntu kernel: Loaded X.509 cert 'Canonical Ltd. Secure Boot Signing: 61482aa2830d0ab2ad5af10b7250da9033ddcef0'
Dec 18 23:18:42 ubuntu kernel: Loaded X.509 cert 'Canonical Ltd. Secure Boot Signing (2017): 242ade75ac4a15e50d50c84b0d45ff3eae707a03'
Dec 18 23:18:42 ubuntu kernel: Loaded X.509 cert 'Canonical Ltd. Secure Boot Signing (ESM 2018): 365188c1d374d6b07c3c8f240f8ef722433d6a8b'
Dec 18 23:18:42 ubuntu kernel: Loaded X.509 cert 'Canonical Ltd. Secure Boot Signing (2019): c0746fd6c5da3ae827864651ad66ae47fe24b3e8'
Dec 18 23:18:42 ubuntu kernel: Loaded X.509 cert 'Canonical Ltd. Secure Boot Signing (2021 v1): a8d54bbb3825cfb94fa13c9f8a594a195c107b8d'
Dec 18 23:18:42 ubuntu kernel: Loaded X.509 cert 'Canonical Ltd. Secure Boot Signing (2021 v2): 4cf046892d6fd3c9a5b03f98d845f90851dc6a8c'
Dec 18 23:18:42 ubuntu kernel: Loaded X.509 cert 'Canonical Ltd. Secure Boot Signing (2021 v3): 100437bb6de6e469b581e61cd66bce3ef4ed53af'
Dec 18 23:18:42 ubuntu kernel: Loaded X.509 cert 'Canonical Ltd. Secure Boot Signing (Ubuntu Core 2019): c1d57b8f6b743f23ee41f4f7ee292f06eecadfb9'
Dec 18 23:18:42 ubuntu kernel: zswap: loaded using pool lzo/zbud
Dec 18 23:18:42 ubuntu kernel: Key type .fscrypt registered
Dec 18 23:18:42 ubuntu kernel: Key type fscrypt-provisioning registered
Dec 18 23:18:42 ubuntu kernel: Key type encrypted registered
Dec 18 23:18:42 ubuntu kernel: AppArmor: AppArmor sha1 policy hashing enabled
Dec 18 23:18:42 ubuntu kernel: ima: No TPM chip found, activating TPM-bypass!
Dec 18 23:18:42 ubuntu kernel: Loading compiled-in module X.509 certificates
Dec 18 23:18:42 ubuntu kernel: Loaded X.509 cert 'Build time autogenerated kernel key: b90c334466bcc11badc67eaa0268e83fd80ac687'
Dec 18 23:18:42 ubuntu kernel: ima: Allocated hash algorithm: sha1
Dec 18 23:18:42 ubuntu kernel: ima: No architecture policies found
Dec 18 23:18:42 ubuntu kernel: evm: Initialising EVM extended attributes:
Dec 18 23:18:42 ubuntu kernel: evm: security.selinux
Dec 18 23:18:42 ubuntu kernel: evm: security.SMACK64
Dec 18 23:18:42 ubuntu kernel: evm: security.SMACK64EXEC
Dec 18 23:18:42 ubuntu kernel: evm: security.SMACK64TRANSMUTE
Dec 18 23:18:42 ubuntu kernel: evm: security.SMACK64MMAP
Dec 18 23:18:42 ubuntu kernel: evm: security.apparmor
Dec 18 23:18:42 ubuntu kernel: evm: security.ima
Dec 18 23:18:42 ubuntu kernel: evm: security.capability
Dec 18 23:18:42 ubuntu kernel: evm: HMAC attrs: 0x1
Dec 18 23:18:42 ubuntu kernel: PM:   Magic number: 3:980:845
Dec 18 23:18:42 ubuntu kernel: acpi PNP0C80:68: hash matches
Dec 18 23:18:42 ubuntu kernel: acpi PNP0C80:3b: hash matches
Dec 18 23:18:42 ubuntu kernel: RAS: Correctable Errors collector initialized.
Dec 18 23:18:42 ubuntu kernel: Freeing unused decrypted memory: 2036K
Dec 18 23:18:42 ubuntu kernel: Freeing unused kernel image (initmem) memory: 3244K
Dec 18 23:18:42 ubuntu kernel: Write protecting the kernel read-only data: 30720k
Dec 18 23:18:42 ubuntu kernel: Freeing unused kernel image (text/rodata gap) memory: 2036K
Dec 18 23:18:42 ubuntu kernel: Freeing unused kernel image (rodata/data gap) memory: 1448K
Dec 18 23:18:42 ubuntu kernel: x86/mm: Checked W+X mappings: passed, no W+X pages found.
Dec 18 23:18:42 ubuntu kernel: Run /init as init process
Dec 18 23:18:42 ubuntu kernel:   with arguments:
Dec 18 23:18:42 ubuntu kernel:     /init
Dec 18 23:18:42 ubuntu kernel:   with environment:
Dec 18 23:18:42 ubuntu kernel:     HOME=/
Dec 18 23:18:42 ubuntu kernel:     TERM=linux
Dec 18 23:18:42 ubuntu kernel:     BOOT_IMAGE=/boot/vmlinuz-5.15.0-72-generic
Dec 18 23:18:42 ubuntu kernel: usb 1-1: new full-speed USB device number 2 using uhci_hcd
Dec 18 23:18:42 ubuntu kernel: virtio_blk virtio1: [vda] 20971520 512-byte logical blocks (10.7 GB/10.0 GiB)
Dec 18 23:18:42 ubuntu kernel: usb 1-1: New USB device found, idVendor=0627, idProduct=0001, bcdDevice= 0.00
Dec 18 23:18:42 ubuntu kernel: usb 1-1: New USB device strings: Mfr=1, Product=3, SerialNumber=10
Dec 18 23:18:42 ubuntu kernel: usb 1-1: Product: QEMU USB Tablet
Dec 18 23:18:42 ubuntu kernel: usb 1-1: Manufacturer: QEMU
Dec 18 23:18:42 ubuntu kernel: usb 1-1: SerialNumber: 28754-0000:00:01.2-1
Dec 18 23:18:42 ubuntu kernel: input: VirtualPS/2 VMware VMMouse as /devices/platform/i8042/serio1/input/input4
Dec 18 23:18:42 ubuntu kernel: input: VirtualPS/2 VMware VMMouse as /devices/platform/i8042/serio1/input/input3
Dec 18 23:18:42 ubuntu kernel: GPT:Primary header thinks Alt. header is not at the end of the disk.
Dec 18 23:18:42 ubuntu kernel: GPT:4612095 != 20971519
Dec 18 23:18:42 ubuntu kernel: GPT:Alternate GPT header not at the end of the disk.
Dec 18 23:18:42 ubuntu kernel: GPT:4612095 != 20971519
Dec 18 23:18:42 ubuntu kernel: GPT: Use GNU Parted to correct GPT errors.
Dec 18 23:18:42 ubuntu kernel:  vda: vda1 vda14 vda15
Dec 18 23:18:42 ubuntu kernel: FDC 0 is a S82078B
Dec 18 23:18:42 ubuntu kernel: cryptd: max_cpu_qlen set to 1000
Dec 18 23:18:42 ubuntu kernel: AVX2 version of gcm_enc/dec engaged.
Dec 18 23:18:42 ubuntu kernel: AES CTR mode by8 optimization enabled
Dec 18 23:18:42 ubuntu kernel: hid: raw HID events driver (C) Jiri Kosina
Dec 18 23:18:42 ubuntu kernel: usbcore: registered new interface driver usbhid
Dec 18 23:18:42 ubuntu kernel: usbhid: USB HID core driver
Dec 18 23:18:42 ubuntu kernel: input: QEMU QEMU USB Tablet as /devices/pci0000:00/0000:00:01.2/usb1/1-1/1-1:1.0/0003:0627:0001.0001/input/input5
Dec 18 23:18:42 ubuntu kernel: hid-generic 0003:0627:0001.0001: input,hidraw0: USB HID v0.01 Mouse [QEMU QEMU USB Tablet] on usb-0000:00:01.2-1/input0
Dec 18 23:18:42 ubuntu kernel: virtio_net virtio2 ens6: renamed from eth0
Dec 18 23:18:42 ubuntu kernel: raid6: avx2x4   gen()  8191 MB/s
Dec 18 23:18:42 ubuntu kernel: raid6: avx2x4   xor()  2230 MB/s
Dec 18 23:18:42 ubuntu kernel: raid6: avx2x2   gen() 21362 MB/s
Dec 18 23:18:42 ubuntu kernel: raid6: avx2x2   xor() 18085 MB/s
Dec 18 23:18:42 ubuntu kernel: raid6: avx2x1   gen() 15982 MB/s
Dec 18 23:18:42 ubuntu kernel: raid6: avx2x1   xor() 16172 MB/s
Dec 18 23:18:42 ubuntu kernel: raid6: sse2x4   gen() 12195 MB/s
Dec 18 23:18:42 ubuntu kernel: raid6: sse2x4   xor()  1649 MB/s
Dec 18 23:18:42 ubuntu kernel: raid6: sse2x2   gen() 14426 MB/s
Dec 18 23:18:42 ubuntu kernel: raid6: sse2x2   xor()  9487 MB/s
Dec 18 23:18:42 ubuntu kernel: raid6: sse2x1   gen()   598 MB/s
Dec 18 23:18:42 ubuntu kernel: raid6: sse2x1   xor()  8603 MB/s
Dec 18 23:18:42 ubuntu kernel: raid6: using algorithm avx2x2 gen() 21362 MB/s
Dec 18 23:18:42 ubuntu kernel: raid6: .... xor() 18085 MB/s, rmw enabled
Dec 18 23:18:42 ubuntu kernel: raid6: using avx2x2 recovery algorithm
Dec 18 23:18:42 ubuntu kernel: xor: automatically using best checksumming function   avx       
Dec 18 23:18:42 ubuntu kernel: async_tx: api initialized (async)
Dec 18 23:18:42 ubuntu kernel: Btrfs loaded, crc32c=crc32c-intel, zoned=yes, fsverity=yes
Dec 18 23:18:42 ubuntu kernel: EXT4-fs (vda1): mounted filesystem with ordered data mode. Opts: (null). Quota mode: none.
Dec 18 23:18:42 ubuntu systemd[1]: Inserted module 'autofs4'
Dec 18 23:18:42 ubuntu systemd[1]: systemd 249.11-0ubuntu3.9 running in system mode (+PAM +AUDIT +SELINUX +APPARMOR +IMA +SMACK +SECCOMP +GCRYPT +GNUTLS +OPENSSL +ACL +BLKID +CURL +ELFUTILS +FIDO2 +IDN2 -IDN +IPTC +KMOD +LIBCRYPTSETUP +LIBFDISK +PCRE2 -PWQUALITY -P11KIT -QRENCODE +BZIP2 +LZ4 +XZ +ZLIB +ZSTD -XKBCOMMON +UTMP +SYSVINIT default-hierarchy=unified)
Dec 18 23:18:42 ubuntu systemd[1]: Detected virtualization microsoft.
Dec 18 23:18:42 ubuntu systemd[1]: Detected architecture x86-64.
Dec 18 23:18:42 ubuntu systemd[1]: Hostname set to <ubuntu>.
Dec 18 23:18:42 ubuntu systemd[1]: Initializing machine ID from random generator.
Dec 18 23:18:42 ubuntu systemd[1]: Installed transient /etc/machine-id file.
Dec 18 23:18:42 ubuntu systemd[1]: Queued start job for default target Graphical Interface.
Dec 18 23:18:42 ubuntu systemd[1]: Created slice Slice /system/modprobe.
Dec 18 23:18:42 ubuntu systemd[1]: Created slice Slice /system/serial-getty.
Dec 18 23:18:42 ubuntu systemd[1]: Created slice Slice /system/systemd-fsck.
Dec 18 23:18:42 ubuntu systemd[1]: Created slice User and Session Slice.
Dec 18 23:18:42 ubuntu systemd[1]: Started Forward Password Requests to Wall Directory Watch.
Dec 18 23:18:42 ubuntu systemd[1]: Set up automount Arbitrary Executable File Formats File System Automount Point.
Dec 18 23:18:42 ubuntu systemd[1]: Reached target Slice Units.
Dec 18 23:18:42 ubuntu systemd[1]: Reached target Mounting snaps.
Dec 18 23:18:42 ubuntu systemd[1]: Reached target Swaps.
Dec 18 23:18:42 ubuntu systemd[1]: Reached target Local Verity Protected Volumes.
Dec 18 23:18:42 ubuntu systemd[1]: Listening on Device-mapper event daemon FIFOs.
Dec 18 23:18:42 ubuntu systemd[1]: Listening on LVM2 poll daemon socket.
Dec 18 23:18:42 ubuntu systemd[1]: Listening on multipathd control socket.
Dec 18 23:18:42 ubuntu systemd[1]: Listening on Syslog Socket.
Dec 18 23:18:42 ubuntu systemd[1]: Listening on fsck to fsckd communication Socket.
Dec 18 23:18:42 ubuntu systemd[1]: Listening on initctl Compatibility Named Pipe.
Dec 18 23:18:42 ubuntu systemd[1]: Listening on Journal Audit Socket.
Dec 18 23:18:42 ubuntu systemd[1]: Listening on Journal Socket (/dev/log).
Dec 18 23:18:42 ubuntu systemd[1]: Listening on Journal Socket.
Dec 18 23:18:42 ubuntu systemd[1]: Listening on Network Service Netlink Socket.
Dec 18 23:18:42 ubuntu systemd[1]: Listening on udev Control Socket.
Dec 18 23:18:42 ubuntu systemd[1]: Listening on udev Kernel Socket.
Dec 18 23:18:42 ubuntu systemd[1]: Mounting Huge Pages File System...
Dec 18 23:18:42 ubuntu systemd[1]: Mounting POSIX Message Queue File System...
Dec 18 23:18:42 ubuntu systemd[1]: Mounting Kernel Debug File System...
Dec 18 23:18:42 ubuntu systemd[1]: Mounting Kernel Trace File System...
Dec 18 23:18:42 ubuntu systemd[1]: Starting Journal Service...
Dec 18 23:18:42 ubuntu systemd[1]: Starting Set the console keyboard layout...
Dec 18 23:18:42 ubuntu systemd[1]: Starting Create List of Static Device Nodes...
Dec 18 23:18:42 ubuntu systemd[1]: Starting Monitoring of LVM2 mirrors, snapshots etc. using dmeventd or progress polling...
Dec 18 23:18:42 ubuntu systemd[1]: Condition check resulted in LXD - agent being skipped.
Dec 18 23:18:42 ubuntu systemd[1]: Starting Load Kernel Module chromeos_pstore...
Dec 18 23:18:42 ubuntu systemd[1]: Starting Load Kernel Module configfs...
Dec 18 23:18:42 ubuntu systemd[1]: Starting Load Kernel Module drm...
Dec 18 23:18:42 ubuntu systemd[1]: Starting Load Kernel Module efi_pstore...
Dec 18 23:18:42 ubuntu systemd[1]: Starting Load Kernel Module fuse...
Dec 18 23:18:42 ubuntu systemd-journald[333]: Journal started
Dec 18 23:18:42 ubuntu systemd-journald[333]: Runtime Journal (/run/log/journal/38e718cd81f646c0ad7a855007793637) is 1.0M, max 8.7M, 7.6M free.
Dec 18 23:18:43 ubuntu systemd[1]: Starting Load Kernel Module pstore_blk...
Dec 18 23:18:43 ubuntu systemd[1]: Starting Load Kernel Module pstore_zone...
Dec 18 23:18:43 ubuntu systemd[1]: Starting Load Kernel Module ramoops...
Dec 18 23:18:43 ubuntu systemd[1]: Condition check resulted in OpenVSwitch configuration for cleanup being skipped.
Dec 18 23:18:43 ubuntu systemd[1]: Starting File System Check on Root Device...
Dec 18 23:18:43 ubuntu systemd[1]: Starting Load Kernel Modules...
Dec 18 23:18:43 ubuntu systemd[1]: Starting Coldplug All udev Devices...
Dec 18 23:18:43 ubuntu systemd-fsck[354]: cloudimg-rootfs: clean, 73449/274176 files, 400976/548091 blocks
Dec 18 23:18:43 ubuntu systemd[1]: Mounted Huge Pages File System.
Dec 18 23:18:43 ubuntu systemd[1]: Mounted POSIX Message Queue File System.
Dec 18 23:18:43 ubuntu systemd[1]: Mounted Kernel Debug File System.
Dec 18 23:18:43 ubuntu systemd[1]: Started Journal Service.
Dec 18 23:18:43 ubuntu systemd[1]: Mounted Kernel Trace File System.
Dec 18 23:18:43 ubuntu systemd[1]: Finished Set the console keyboard layout.
Dec 18 23:18:43 ubuntu systemd[1]: Finished Create List of Static Device Nodes.
Dec 18 23:18:43 ubuntu systemd[1]: modprobe@chromeos_pstore.service: Deactivated successfully.
Dec 18 23:18:43 ubuntu systemd[1]: Finished Load Kernel Module chromeos_pstore.
Dec 18 23:18:43 ubuntu systemd[1]: Finished Monitoring of LVM2 mirrors, snapshots etc. using dmeventd or progress polling.
Dec 18 23:18:43 ubuntu systemd[1]: modprobe@configfs.service: Deactivated successfully.
Dec 18 23:18:43 ubuntu systemd[1]: Finished Load Kernel Module configfs.
Dec 18 23:18:43 ubuntu systemd[1]: modprobe@drm.service: Deactivated successfully.
Dec 18 23:18:43 ubuntu systemd[1]: Finished Load Kernel Module drm.
Dec 18 23:18:43 ubuntu systemd[1]: modprobe@efi_pstore.service: Deactivated successfully.
Dec 18 23:18:43 ubuntu systemd[1]: Finished Load Kernel Module efi_pstore.
Dec 18 23:18:43 ubuntu systemd[1]: modprobe@fuse.service: Deactivated successfully.
Dec 18 23:18:43 ubuntu systemd[1]: Finished Load Kernel Module fuse.
Dec 18 23:18:43 ubuntu systemd[1]: modprobe@pstore_blk.service: Deactivated successfully.
Dec 18 23:18:43 ubuntu systemd[1]: Finished Load Kernel Module pstore_blk.
Dec 18 23:18:43 ubuntu systemd[1]: modprobe@pstore_zone.service: Deactivated successfully.
Dec 18 23:18:43 ubuntu systemd[1]: Finished Load Kernel Module pstore_zone.
Dec 18 23:18:43 ubuntu systemd[1]: modprobe@ramoops.service: Deactivated successfully.
Dec 18 23:18:43 ubuntu systemd[1]: Finished Load Kernel Module ramoops.
Dec 18 23:18:43 ubuntu systemd[1]: Finished File System Check on Root Device.
Dec 18 23:18:43 ubuntu systemd[1]: Finished Load Kernel Modules.
Dec 18 23:18:43 ubuntu systemd[1]: Mounting FUSE Control File System...
Dec 18 23:18:43 ubuntu systemd[1]: Mounting Kernel Configuration File System...
Dec 18 23:18:43 ubuntu systemd[1]: Started File System Check Daemon to report status.
Dec 18 23:18:43 ubuntu systemd[1]: Starting Remount Root and Kernel File Systems...
Dec 18 23:18:43 ubuntu systemd[1]: Starting Apply Kernel Variables...
Dec 18 23:18:43 ubuntu systemd[1]: Finished Coldplug All udev Devices.
Dec 18 23:18:43 ubuntu systemd[1]: Mounted FUSE Control File System.
Dec 18 23:18:43 ubuntu kernel: EXT4-fs (vda1): re-mounted. Opts: discard,errors=remount-ro. Quota mode: none.
Dec 18 23:18:43 ubuntu systemd[1]: Finished Remount Root and Kernel File Systems.
Dec 18 23:18:43 ubuntu systemd[1]: Starting Device-Mapper Multipath Device Controller...
Dec 18 23:18:43 ubuntu systemd[1]: Starting Flush Journal to Persistent Storage...
Dec 18 23:18:43 ubuntu systemd-journald[333]: Time spent on flushing to /var/log/journal/38e718cd81f646c0ad7a855007793637 is 4.421ms for 751 entries.
Dec 18 23:18:43 ubuntu systemd-journald[333]: System Journal (/var/log/journal/38e718cd81f646c0ad7a855007793637) is 8.0M, max 200.3M, 192.3M free.
Dec 18 23:18:43 ubuntu kernel: alua: device handler registered
Dec 18 23:18:43 ubuntu kernel: emc: device handler registered
Dec 18 23:18:43 ubuntu kernel: rdac: device handler registered
Dec 18 23:18:43 ubuntu systemd[1]: Condition check resulted in Platform Persistent Storage Archival being skipped.
Dec 18 23:18:43 ubuntu systemd[1]: Starting Load/Save Random Seed...
Dec 18 23:18:43 ubuntu systemd[1]: Starting Create System Users...
Dec 18 23:18:43 ubuntu systemd[1]: Mounted Kernel Configuration File System.
Dec 18 23:18:43 ubuntu systemd[1]: Finished Apply Kernel Variables.
Dec 18 23:18:43 ubuntu systemd[1]: Finished Flush Journal to Persistent Storage.
Dec 18 23:18:43 ubuntu systemd[1]: Finished Load/Save Random Seed.
Dec 18 23:18:43 ubuntu systemd[1]: Condition check resulted in First Boot Complete being skipped.
Dec 18 23:18:43 ubuntu systemd[1]: Finished Create System Users.
Dec 18 23:18:43 ubuntu systemd[1]: Starting Create Static Device Nodes in /dev...
Dec 18 23:18:43 ubuntu multipathd[376]: --------start up--------
Dec 18 23:18:43 ubuntu multipathd[376]: read /etc/multipath.conf
Dec 18 23:18:43 ubuntu multipathd[376]: path checkers start up
Dec 18 23:18:43 ubuntu systemd[1]: Started Device-Mapper Multipath Device Controller.
Dec 18 23:18:43 ubuntu systemd[1]: Finished Create Static Device Nodes in /dev.
Dec 18 23:18:43 ubuntu systemd[1]: Reached target Preparation for Local File Systems.
Dec 18 23:18:43 ubuntu systemd[1]: Mounting Mount unit for core20, revision 1891...
Dec 18 23:18:43 ubuntu systemd[1]: Mounting Mount unit for lxd, revision 24322...
Dec 18 23:18:43 ubuntu systemd[1]: Mounting Mount unit for snapd, revision 19122...
Dec 18 23:18:43 ubuntu systemd[1]: Starting Rule-based Manager for Device Events and Files...
Dec 18 23:18:43 ubuntu kernel: loop0: detected capacity change from 0 to 129952
Dec 18 23:18:43 ubuntu kernel: loop1: detected capacity change from 0 to 109032
Dec 18 23:18:43 ubuntu systemd[1]: Mounted Mount unit for core20, revision 1891.
Dec 18 23:18:43 ubuntu kernel: loop2: detected capacity change from 0 to 229272
Dec 18 23:18:43 ubuntu systemd[1]: Mounted Mount unit for snapd, revision 19122.
Dec 18 23:18:43 ubuntu systemd[1]: Mounted Mount unit for lxd, revision 24322.
Dec 18 23:18:43 ubuntu systemd[1]: Reached target Mounted snaps.
Dec 18 23:18:43 ubuntu systemd[1]: Started Rule-based Manager for Device Events and Files.
Dec 18 23:18:43 ubuntu systemd[1]: Condition check resulted in Show Plymouth Boot Screen being skipped.
Dec 18 23:18:43 ubuntu systemd[1]: Started Dispatch Password Requests to Console Directory Watch.
Dec 18 23:18:43 ubuntu systemd[1]: Condition check resulted in Forward Password Requests to Plymouth Directory Watch being skipped.
Dec 18 23:18:43 ubuntu systemd[1]: Reached target Local Encrypted Volumes.
Dec 18 23:18:44 ubuntu systemd-udevd[397]: Using default interface naming scheme 'v249'.
Dec 18 23:18:44 ubuntu systemd-udevd[395]: vda: Process '/usr/bin/unshare -m /usr/bin/snap auto-import --mount=/dev/vda' failed with exit code 1.
Dec 18 23:18:44 ubuntu systemd-udevd[399]: vda1: Process '/usr/bin/unshare -m /usr/bin/snap auto-import --mount=/dev/vda1' failed with exit code 1.
Dec 18 23:18:44 ubuntu systemd-udevd[395]: vda14: Process '/usr/bin/unshare -m /usr/bin/snap auto-import --mount=/dev/vda14' failed with exit code 1.
Dec 18 23:18:44 ubuntu systemd-udevd[399]: vda15: Process '/usr/bin/unshare -m /usr/bin/snap auto-import --mount=/dev/vda15' failed with exit code 1.
Dec 18 23:18:44 ubuntu systemd[1]: Found device /dev/disk/by-label/UEFI.
Dec 18 23:18:44 ubuntu systemd[1]: Starting File System Check on /dev/disk/by-label/UEFI...
Dec 18 23:18:44 ubuntu systemd-fsck[414]: fsck.fat 4.2 (2021-01-31)
Dec 18 23:18:44 ubuntu systemd-fsck[414]: /dev/vda15: 12 files, 12363/213716 clusters
Dec 18 23:18:44 ubuntu systemd[1]: Finished File System Check on /dev/disk/by-label/UEFI.
Dec 18 23:18:44 ubuntu systemd[1]: Mounting /boot/efi...
Dec 18 23:18:44 ubuntu systemd[1]: Mounted /boot/efi.
Dec 18 23:18:44 ubuntu systemd[1]: Found device /dev/ttyS0.
Dec 18 23:18:44 ubuntu systemd[1]: Reached target Local File Systems.
Dec 18 23:18:44 ubuntu systemd[1]: Starting Load AppArmor profiles...
Dec 18 23:18:44 ubuntu systemd[1]: Starting Set console font and keymap...
Dec 18 23:18:44 ubuntu systemd[1]: Starting Create final runtime dir for shutdown pivot root...
Dec 18 23:18:44 ubuntu apparmor.systemd[417]: Restarting AppArmor
Dec 18 23:18:44 ubuntu apparmor.systemd[417]: Reloading AppArmor profiles
Dec 18 23:18:44 ubuntu systemd[1]: Starting Tell Plymouth To Write Out Runtime Data...
Dec 18 23:18:44 ubuntu systemd[1]: Condition check resulted in Set Up Additional Binary Formats being skipped.
Dec 18 23:18:44 ubuntu systemd[1]: Condition check resulted in Store a System Token in an EFI Variable being skipped.
Dec 18 23:18:44 ubuntu systemd[1]: Starting Commit a transient machine-id on disk...
Dec 18 23:18:44 ubuntu systemd[1]: Starting Create Volatile Files and Directories...
Dec 18 23:18:44 ubuntu systemd[1]: Starting Uncomplicated firewall...
Dec 18 23:18:44 ubuntu systemd[1]: etc-machine\x2did.mount: Deactivated successfully.
Dec 18 23:18:44 ubuntu systemd[1]: Finished Set console font and keymap.
Dec 18 23:18:44 ubuntu systemd[1]: Finished Create final runtime dir for shutdown pivot root.
Dec 18 23:18:45 ubuntu systemd[1]: Finished Tell Plymouth To Write Out Runtime Data.
Dec 18 23:18:45 ubuntu systemd[1]: Finished Commit a transient machine-id on disk.
Dec 18 23:18:45 ubuntu systemd[1]: Finished Create Volatile Files and Directories.
Dec 18 23:18:45 ubuntu systemd[1]: Finished Uncomplicated firewall.
Dec 18 23:18:45 ubuntu systemd[1]: Starting Network Time Synchronization...
Dec 18 23:18:45 ubuntu systemd[1]: Starting Record System Boot/Shutdown in UTMP...
Dec 18 23:18:45 ubuntu systemd[1]: Finished Record System Boot/Shutdown in UTMP.
Dec 18 23:18:45 ubuntu systemd[1]: Started Network Time Synchronization.
Dec 18 23:18:45 ubuntu systemd[1]: Reached target System Time Set.
Dec 18 23:18:45 ubuntu systemd[1]: Listening on Load/Save RF Kill Switch Status /dev/rfkill Watch.
Dec 18 23:18:45 ubuntu audit[430]: AVC apparmor="STATUS" operation="profile_load" profile="unconfined" name="lsb_release" pid=430 comm="apparmor_parser"
Dec 18 23:18:45 ubuntu kernel: audit: type=1400 audit(1702921725.396:2): apparmor="STATUS" operation="profile_load" profile="unconfined" name="lsb_release" pid=430 comm="apparmor_parser"
Dec 18 23:18:45 ubuntu audit[451]: AVC apparmor="STATUS" operation="profile_load" profile="unconfined" name="nvidia_modprobe" pid=451 comm="apparmor_parser"
Dec 18 23:18:45 ubuntu kernel: audit: type=1400 audit(1702921725.516:3): apparmor="STATUS" operation="profile_load" profile="unconfined" name="nvidia_modprobe" pid=451 comm="apparmor_parser"
Dec 18 23:18:45 ubuntu kernel: kvm: Nested Virtualization enabled
Dec 18 23:18:45 ubuntu kernel: SVM: kvm: Nested Paging enabled
Dec 18 23:18:45 ubuntu audit[451]: AVC apparmor="STATUS" operation="profile_load" profile="unconfined" name="nvidia_modprobe//kmod" pid=451 comm="apparmor_parser"
Dec 18 23:18:45 ubuntu kernel: audit: type=1400 audit(1702921725.672:4): apparmor="STATUS" operation="profile_load" profile="unconfined" name="nvidia_modprobe//kmod" pid=451 comm="apparmor_parser"
Dec 18 23:18:46 ubuntu audit[457]: AVC apparmor="STATUS" operation="profile_load" profile="unconfined" name="/usr/lib/NetworkManager/nm-dhcp-client.action" pid=457 comm="apparmor_parser"
Dec 18 23:18:46 ubuntu kernel: audit: type=1400 audit(1702921726.088:5): apparmor="STATUS" operation="profile_load" profile="unconfined" name="/usr/lib/NetworkManager/nm-dhcp-client.action" pid=457 comm="apparmor_parser"
Dec 18 23:18:46 ubuntu audit[457]: AVC apparmor="STATUS" operation="profile_load" profile="unconfined" name="/usr/lib/NetworkManager/nm-dhcp-helper" pid=457 comm="apparmor_parser"
Dec 18 23:18:46 ubuntu audit[457]: AVC apparmor="STATUS" operation="profile_load" profile="unconfined" name="/usr/lib/connman/scripts/dhclient-script" pid=457 comm="apparmor_parser"
Dec 18 23:18:46 ubuntu kernel: audit: type=1400 audit(1702921726.092:6): apparmor="STATUS" operation="profile_load" profile="unconfined" name="/usr/lib/NetworkManager/nm-dhcp-helper" pid=457 comm="apparmor_parser"
Dec 18 23:18:46 ubuntu kernel: audit: type=1400 audit(1702921726.092:7): apparmor="STATUS" operation="profile_load" profile="unconfined" name="/usr/lib/connman/scripts/dhclient-script" pid=457 comm="apparmor_parser"
Dec 18 23:18:46 ubuntu audit[457]: AVC apparmor="STATUS" operation="profile_load" profile="unconfined" name="/{,usr/}sbin/dhclient" pid=457 comm="apparmor_parser"
Dec 18 23:18:46 ubuntu kernel: audit: type=1400 audit(1702921726.096:8): apparmor="STATUS" operation="profile_load" profile="unconfined" name="/{,usr/}sbin/dhclient" pid=457 comm="apparmor_parser"
Dec 18 23:18:46 ubuntu audit[470]: AVC apparmor="STATUS" operation="profile_load" profile="unconfined" name="/usr/bin/man" pid=470 comm="apparmor_parser"
Dec 18 23:18:46 ubuntu audit[470]: AVC apparmor="STATUS" operation="profile_load" profile="unconfined" name="man_filter" pid=470 comm="apparmor_parser"
Dec 18 23:18:46 ubuntu kernel: audit: type=1400 audit(1702921726.276:9): apparmor="STATUS" operation="profile_load" profile="unconfined" name="/usr/bin/man" pid=470 comm="apparmor_parser"
Dec 18 23:18:46 ubuntu kernel: audit: type=1400 audit(1702921726.276:10): apparmor="STATUS" operation="profile_load" profile="unconfined" name="man_filter" pid=470 comm="apparmor_parser"
Dec 18 23:18:46 ubuntu kernel: audit: type=1400 audit(1702921726.276:11): apparmor="STATUS" operation="profile_load" profile="unconfined" name="man_groff" pid=470 comm="apparmor_parser"
Dec 18 23:18:46 ubuntu audit[470]: AVC apparmor="STATUS" operation="profile_load" profile="unconfined" name="man_groff" pid=470 comm="apparmor_parser"
Dec 18 23:18:46 ubuntu audit[471]: AVC apparmor="STATUS" operation="profile_load" profile="unconfined" name="tcpdump" pid=471 comm="apparmor_parser"
Dec 18 23:18:46 ubuntu audit[472]: AVC apparmor="STATUS" operation="profile_load" profile="unconfined" name="/usr/lib/snapd/snap-confine" pid=472 comm="apparmor_parser"
Dec 18 23:18:46 ubuntu audit[472]: AVC apparmor="STATUS" operation="profile_load" profile="unconfined" name="/usr/lib/snapd/snap-confine//mount-namespace-capture-helper" pid=472 comm="apparmor_parser"
Dec 18 23:18:46 ubuntu apparmor.systemd[473]: Skipping profile in /etc/apparmor.d/disable: usr.sbin.rsyslogd
Dec 18 23:18:46 ubuntu systemd[1]: Finished Load AppArmor profiles.
Dec 18 23:18:46 ubuntu systemd[1]: Starting Load AppArmor profiles managed internally by snapd...
Dec 18 23:18:46 ubuntu systemd[1]: Condition check resulted in Authentication service for virtual machines hosted on VMware being skipped.
Dec 18 23:18:46 ubuntu systemd[1]: Condition check resulted in Service for virtual machines hosted on VMware being skipped.
Dec 18 23:18:46 ubuntu systemd[1]: Starting Initial cloud-init job (pre-networking)...
Dec 18 23:18:46 ubuntu systemd[1]: proc-sys-fs-binfmt_misc.automount: Got automount request for /proc/sys/fs/binfmt_misc, triggered by 474 (snapd-apparmor)
Dec 18 23:18:46 ubuntu systemd[1]: Mounting Arbitrary Executable File Formats File System...
Dec 18 23:18:46 ubuntu systemd[1]: Mounted Arbitrary Executable File Formats File System.
Dec 18 23:18:47 ubuntu snapd-apparmor[474]: main.go:124: Loading profiles [/var/lib/snapd/apparmor/profiles/snap-confine.snapd.19122 /var/lib/snapd/apparmor/profiles/snap-update-ns.lxd /var/lib/snapd/apparmor/profiles/snap.lxd.activate /var/lib/snapd/apparmor/profiles/snap.lxd.benchmark /var/lib/snapd/apparmor/profiles/snap.lxd.buginfo /var/lib/snapd/apparmor/profiles/snap.lxd.check-kernel /var/lib/snapd/apparmor/profiles/snap.lxd.daemon /var/lib/snapd/apparmor/profiles/snap.lxd.hook.configure /var/lib/snapd/apparmor/profiles/snap.lxd.hook.install /var/lib/snapd/apparmor/profiles/snap.lxd.hook.remove /var/lib/snapd/apparmor/profiles/snap.lxd.lxc /var/lib/snapd/apparmor/profiles/snap.lxd.lxc-to-lxd /var/lib/snapd/apparmor/profiles/snap.lxd.lxd /var/lib/snapd/apparmor/profiles/snap.lxd.migrate /var/lib/snapd/apparmor/profiles/snap.lxd.user-daemon]
Dec 18 23:18:48 ubuntu audit[488]: AVC apparmor="STATUS" operation="profile_load" profile="unconfined" name="/snap/snapd/19122/usr/lib/snapd/snap-confine" pid=488 comm="apparmor_parser"
Dec 18 23:18:48 ubuntu audit[488]: AVC apparmor="STATUS" operation="profile_load" profile="unconfined" name="/snap/snapd/19122/usr/lib/snapd/snap-confine//mount-namespace-capture-helper" pid=488 comm="apparmor_parser"
Dec 18 23:18:48 ubuntu audit[489]: AVC apparmor="STATUS" operation="profile_load" profile="unconfined" name="snap-update-ns.lxd" pid=489 comm="apparmor_parser"
Dec 18 23:18:48 ubuntu cloud-init[494]: Cloud-init v. 23.1.2-0ubuntu0~22.04.1 running 'init-local' at Mon, 18 Dec 2023 17:48:48 +0000. Up 11.99 seconds.
Dec 18 23:18:49 ubuntu audit[490]: AVC apparmor="STATUS" operation="profile_load" profile="unconfined" name="snap.lxd.activate" pid=490 comm="apparmor_parser"
Dec 18 23:18:49 ubuntu audit[498]: AVC apparmor="STATUS" operation="profile_load" profile="unconfined" name="snap.lxd.benchmark" pid=498 comm="apparmor_parser"
Dec 18 23:18:50 ubuntu systemd[1]: Condition check resulted in OpenVSwitch configuration for cleanup being skipped.
Dec 18 23:18:50 ubuntu audit[502]: AVC apparmor="STATUS" operation="profile_load" profile="unconfined" name="snap.lxd.buginfo" pid=502 comm="apparmor_parser"
Dec 18 23:18:50 ubuntu cloud-init[494]: 2023-12-18 17:48:50,603 - schema.py[WARNING]: Invalid cloud-config provided: Please run 'sudo cloud-init schema --system' to see the schema errors.
Dec 18 23:18:50 ubuntu audit[512]: AVC apparmor="STATUS" operation="profile_load" profile="unconfined" name="snap.lxd.check-kernel" pid=512 comm="apparmor_parser"
Dec 18 23:18:50 ubuntu kernel: kauditd_printk_skb: 9 callbacks suppressed
Dec 18 23:18:50 ubuntu kernel: audit: type=1400 audit(1702921730.680:21): apparmor="STATUS" operation="profile_load" profile="unconfined" name="snap.lxd.check-kernel" pid=512 comm="apparmor_parser"
Dec 18 23:18:51 ubuntu audit[515]: AVC apparmor="STATUS" operation="profile_load" profile="unconfined" name="snap.lxd.daemon" pid=515 comm="apparmor_parser"
Dec 18 23:18:51 ubuntu kernel: audit: type=1400 audit(1702921731.304:22): apparmor="STATUS" operation="profile_load" profile="unconfined" name="snap.lxd.daemon" pid=515 comm="apparmor_parser"
Dec 18 23:18:51 ubuntu kernel: EXT4-fs (vda1): resizing filesystem from 548091 to 2593019 blocks
Dec 18 23:18:51 ubuntu kernel: EXT4-fs (vda1): resized filesystem to 2593019
Dec 18 23:18:52 ubuntu cloud-init[494]: 2023-12-18 17:48:51,907 - ug_util.py[WARNING]: DEPRECATED: 'user' of type string is deprecated and will be removed in a future release. Use 'users' list instead.
Dec 18 23:18:52 ubuntu audit[559]: AVC apparmor="STATUS" operation="profile_load" profile="unconfined" name="snap.lxd.hook.configure" pid=559 comm="apparmor_parser"
Dec 18 23:18:52 ubuntu kernel: audit: type=1400 audit(1702921732.172:23): apparmor="STATUS" operation="profile_load" profile="unconfined" name="snap.lxd.hook.configure" pid=559 comm="apparmor_parser"
Dec 18 23:18:52 ubuntu audit[583]: AVC apparmor="STATUS" operation="profile_load" profile="unconfined" name="snap.lxd.hook.install" pid=583 comm="apparmor_parser"
Dec 18 23:18:52 ubuntu kernel: audit: type=1400 audit(1702921732.980:24): apparmor="STATUS" operation="profile_load" profile="unconfined" name="snap.lxd.hook.install" pid=583 comm="apparmor_parser"
Dec 18 23:18:54 ubuntu audit[584]: AVC apparmor="STATUS" operation="profile_load" profile="unconfined" name="snap.lxd.hook.remove" pid=584 comm="apparmor_parser"
Dec 18 23:18:54 ubuntu kernel: audit: type=1400 audit(1702921734.188:25): apparmor="STATUS" operation="profile_load" profile="unconfined" name="snap.lxd.hook.remove" pid=584 comm="apparmor_parser"
Dec 18 23:18:54 ubuntu audit[585]: AVC apparmor="STATUS" operation="profile_load" profile="unconfined" name="snap.lxd.lxc" pid=585 comm="apparmor_parser"
Dec 18 23:18:54 ubuntu kernel: audit: type=1400 audit(1702921734.508:26): apparmor="STATUS" operation="profile_load" profile="unconfined" name="snap.lxd.lxc" pid=585 comm="apparmor_parser"
Dec 18 23:18:55 ubuntu cloud-init[494]: 2023-12-18 17:48:55,077 - ug_util.py[WARNING]: DEPRECATED: 'user' of type string is deprecated and will be removed in a future release. Use 'users' list instead.
Dec 18 23:18:55 ubuntu cloud-init[494]: Generating public/private rsa key pair.
Dec 18 23:18:55 ubuntu cloud-init[494]: Your identification has been saved in /etc/ssh/ssh_host_rsa_key
Dec 18 23:18:55 ubuntu cloud-init[494]: Your public key has been saved in /etc/ssh/ssh_host_rsa_key.pub
Dec 18 23:18:55 ubuntu cloud-init[494]: The key fingerprint is:
Dec 18 23:18:55 ubuntu cloud-init[494]: SHA256:/bvVVGEQJ4GptDS/NccVvb2jC8OV4RwT8CKYSvo4eMA root@ubuntu
Dec 18 23:18:55 ubuntu cloud-init[494]: The key's randomart image is:
Dec 18 23:18:55 ubuntu cloud-init[494]: +---[RSA 3072]----+
Dec 18 23:18:55 ubuntu cloud-init[494]: |           .+*+=o|
Dec 18 23:18:55 ubuntu cloud-init[494]: |        o+ o. = +|
Dec 18 23:18:55 ubuntu cloud-init[494]: |     . oo.=. =. =|
Dec 18 23:18:55 ubuntu cloud-init[494]: |.   o .  +..+o=+o|
Dec 18 23:18:55 ubuntu cloud-init[494]: | E . .  S . o=o o|
Dec 18 23:18:55 ubuntu cloud-init[494]: |  o o     .o.  = |
Dec 18 23:18:55 ubuntu cloud-init[494]: | . + .     +. o o|
Dec 18 23:18:55 ubuntu cloud-init[494]: |  . .       o+   |
Dec 18 23:18:55 ubuntu cloud-init[494]: |            oo.  |
Dec 18 23:18:55 ubuntu cloud-init[494]: +----[SHA256]-----+
Dec 18 23:18:55 ubuntu cloud-init[494]: Generating public/private dsa key pair.
Dec 18 23:18:55 ubuntu cloud-init[494]: Your identification has been saved in /etc/ssh/ssh_host_dsa_key
Dec 18 23:18:55 ubuntu cloud-init[494]: Your public key has been saved in /etc/ssh/ssh_host_dsa_key.pub
Dec 18 23:18:55 ubuntu cloud-init[494]: The key fingerprint is:
Dec 18 23:18:55 ubuntu cloud-init[494]: SHA256:9++bOhAcWT553vmub50po3dW0z3WzE/EPTmmR/jiKdU root@ubuntu
Dec 18 23:18:55 ubuntu cloud-init[494]: The key's randomart image is:
Dec 18 23:18:55 ubuntu cloud-init[494]: +---[DSA 1024]----+
Dec 18 23:18:55 ubuntu cloud-init[494]: |           o.    |
Dec 18 23:18:55 ubuntu cloud-init[494]: |          o. .   |
Dec 18 23:18:55 ubuntu cloud-init[494]: |         . .+ o.o|
Dec 18 23:18:55 ubuntu cloud-init[494]: |          o  = B=|
Dec 18 23:18:55 ubuntu cloud-init[494]: |        S ..  B=B|
Dec 18 23:18:55 ubuntu cloud-init[494]: |         ... + EX|
Dec 18 23:18:55 ubuntu cloud-init[494]: |           .+ =.X|
Dec 18 23:18:55 ubuntu cloud-init[494]: |           ..B B+|
Dec 18 23:18:55 ubuntu cloud-init[494]: |           .=+@=o|
Dec 18 23:18:55 ubuntu cloud-init[494]: +----[SHA256]-----+
Dec 18 23:18:55 ubuntu cloud-init[494]: Generating public/private ecdsa key pair.
Dec 18 23:18:55 ubuntu cloud-init[494]: Your identification has been saved in /etc/ssh/ssh_host_ecdsa_key
Dec 18 23:18:55 ubuntu cloud-init[494]: Your public key has been saved in /etc/ssh/ssh_host_ecdsa_key.pub
Dec 18 23:18:55 ubuntu cloud-init[494]: The key fingerprint is:
Dec 18 23:18:55 ubuntu cloud-init[494]: SHA256:TDGKQszxQ/ZUUlDTVpyPPj5UPRz2k4SzXX09RtJXCxw root@ubuntu
Dec 18 23:18:55 ubuntu cloud-init[494]: The key's randomart image is:
Dec 18 23:18:55 ubuntu cloud-init[494]: +---[ECDSA 256]---+
Dec 18 23:18:55 ubuntu cloud-init[494]: | oo.o +=B. ooE=.=|
Dec 18 23:18:55 ubuntu cloud-init[494]: | .o+ + o +o o+oBB|
Dec 18 23:18:55 ubuntu cloud-init[494]: |  . + o ..   oOoO|
Dec 18 23:18:55 ubuntu cloud-init[494]: |   . . o    ..o*o|
Dec 18 23:18:55 ubuntu cloud-init[494]: |        S  . .  o|
Dec 18 23:18:55 ubuntu cloud-init[494]: |            +    |
Dec 18 23:18:55 ubuntu cloud-init[494]: |           o .   |
Dec 18 23:18:55 ubuntu cloud-init[494]: |            o    |
Dec 18 23:18:55 ubuntu cloud-init[494]: |             .   |
Dec 18 23:18:55 ubuntu cloud-init[494]: +----[SHA256]-----+
Dec 18 23:18:55 ubuntu cloud-init[494]: Generating public/private ed25519 key pair.
Dec 18 23:18:55 ubuntu cloud-init[494]: Your identification has been saved in /etc/ssh/ssh_host_ed25519_key
Dec 18 23:18:55 ubuntu cloud-init[494]: Your public key has been saved in /etc/ssh/ssh_host_ed25519_key.pub
Dec 18 23:18:55 ubuntu cloud-init[494]: The key fingerprint is:
Dec 18 23:18:55 ubuntu cloud-init[494]: SHA256:JMKFhdSi+fHQHMbYbmoau6LLlSGLTjnHLdkcXymMsIA root@ubuntu
Dec 18 23:18:55 ubuntu cloud-init[494]: The key's randomart image is:
Dec 18 23:18:55 ubuntu cloud-init[494]: +--[ED25519 256]--+
Dec 18 23:18:55 ubuntu cloud-init[494]: |   ..Oo          |
Dec 18 23:18:55 ubuntu cloud-init[494]: |.  .=.*          |
Dec 18 23:18:55 ubuntu cloud-init[494]: |E. +o*...        |
Dec 18 23:18:55 ubuntu cloud-init[494]: |  + =.Bo  .      |
Dec 18 23:18:55 ubuntu cloud-init[494]: | . + O oSo       |
Dec 18 23:18:55 ubuntu cloud-init[494]: |. * @ + o        |
Dec 18 23:18:55 ubuntu cloud-init[494]: |.= % + .         |
Dec 18 23:18:55 ubuntu cloud-init[494]: |= * .            |
Dec 18 23:18:55 ubuntu cloud-init[494]: |+=..             |
Dec 18 23:18:55 ubuntu cloud-init[494]: +----[SHA256]-----+
Dec 18 23:18:55 ubuntu audit[586]: AVC apparmor="STATUS" operation="profile_load" profile="unconfined" name="snap.lxd.lxc-to-lxd" pid=586 comm="apparmor_parser"
Dec 18 23:18:55 ubuntu kernel: audit: type=1400 audit(1702921735.216:27): apparmor="STATUS" operation="profile_load" profile="unconfined" name="snap.lxd.lxc-to-lxd" pid=586 comm="apparmor_parser"
Dec 18 23:18:55 ubuntu systemd[1]: Finished Initial cloud-init job (pre-networking).
Dec 18 23:18:55 ubuntu systemd[1]: Reached target Preparation for Network.
Dec 18 23:18:55 ubuntu systemd[1]: Starting Network Configuration...
Dec 18 23:18:55 ubuntu systemd-networkd[591]: lo: Link UP
Dec 18 23:18:55 ubuntu systemd-networkd[591]: lo: Gained carrier
Dec 18 23:18:55 ubuntu systemd-networkd[591]: Enumeration completed
Dec 18 23:18:55 ubuntu systemd[1]: Started Network Configuration.
Dec 18 23:18:55 ubuntu systemd[1]: Starting Wait for Network to be Configured...
Dec 18 23:18:55 ubuntu systemd-networkd[591]: ens6: Link UP
Dec 18 23:18:55 ubuntu systemd-networkd[591]: ens6: Gained carrier
Dec 18 23:18:55 ubuntu systemd-networkd[591]: ens6: Unable to shorten overlong DHCP hostname 'My_VPS', ignoring: Numerical argument out of domain
Dec 18 23:18:55 ubuntu systemd-networkd[591]: ens6: DHCPv4 address 212.227.243.171/32 via 212.227.243.1
Dec 18 23:18:55 ubuntu systemd[1]: Starting Network Name Resolution...
Dec 18 23:18:55 ubuntu audit[590]: AVC apparmor="STATUS" operation="profile_load" profile="unconfined" name="snap.lxd.lxd" pid=590 comm="apparmor_parser"
Dec 18 23:18:55 ubuntu kernel: audit: type=1400 audit(1702921735.772:28): apparmor="STATUS" operation="profile_load" profile="unconfined" name="snap.lxd.lxd" pid=590 comm="apparmor_parser"
Dec 18 23:18:55 ubuntu systemd-timesyncd[432]: Network configuration changed, trying to establish connection.
Dec 18 23:18:55 ubuntu systemd-resolved[593]: Positive Trust Anchors:
Dec 18 23:18:55 ubuntu systemd-resolved[593]: . IN DS 20326 8 2 e06d44b80b8f1d39a95c0b0d7c65d08458e880409bbc683457104237c7f8ec8d
Dec 18 23:18:55 ubuntu systemd-resolved[593]: Negative trust anchors: home.arpa 10.in-addr.arpa 16.172.in-addr.arpa 17.172.in-addr.arpa 18.172.in-addr.arpa 19.172.in-addr.arpa 20.172.in-addr.arpa 21.172.in-addr.arpa 22.172.in-addr.arpa 23.172.in-addr.arpa 24.172.in-addr.arpa 25.172.in-addr.arpa 26.172.in-addr.arpa 27.172.in-addr.arpa 28.172.in-addr.arpa 29.172.in-addr.arpa 30.172.in-addr.arpa 31.172.in-addr.arpa 168.192.in-addr.arpa d.f.ip6.arpa corp home internal intranet lan local private test
Dec 18 23:18:56 ubuntu systemd-resolved[593]: Using system hostname 'ubuntu'.
Dec 18 23:18:56 ubuntu systemd[1]: Started Network Name Resolution.
Dec 18 23:18:56 ubuntu systemd[1]: Reached target Network.
Dec 18 23:18:56 ubuntu systemd[1]: Reached target Host and Network Name Lookups.
Dec 18 23:18:56 ubuntu audit[594]: AVC apparmor="STATUS" operation="profile_load" profile="unconfined" name="snap.lxd.migrate" pid=594 comm="apparmor_parser"
Dec 18 23:18:56 ubuntu kernel: audit: type=1400 audit(1702921736.124:29): apparmor="STATUS" operation="profile_load" profile="unconfined" name="snap.lxd.migrate" pid=594 comm="apparmor_parser"
Dec 18 23:18:56 ubuntu audit[595]: AVC apparmor="STATUS" operation="profile_load" profile="unconfined" name="snap.lxd.user-daemon" pid=595 comm="apparmor_parser"
Dec 18 23:18:56 ubuntu kernel: audit: type=1400 audit(1702921736.512:30): apparmor="STATUS" operation="profile_load" profile="unconfined" name="snap.lxd.user-daemon" pid=595 comm="apparmor_parser"
Dec 18 23:18:56 ubuntu systemd[1]: Finished Load AppArmor profiles managed internally by snapd.
Dec 18 23:18:57 ubuntu systemd-networkd[591]: ens6: Gained IPv6LL
Dec 18 23:18:57 ubuntu systemd-timesyncd[432]: Network configuration changed, trying to establish connection.
Dec 18 23:18:57 ubuntu systemd-networkd-wait-online[592]: managing: ens6
Dec 18 23:18:57 ubuntu systemd[1]: Finished Wait for Network to be Configured.
Dec 18 23:18:57 ubuntu systemd[1]: Starting Initial cloud-init job (metadata service crawler)...
Dec 18 23:18:57 ubuntu cloud-init[600]: Cloud-init v. 23.1.2-0ubuntu0~22.04.1 running 'init' at Mon, 18 Dec 2023 17:48:57 +0000. Up 21.01 seconds.
Dec 18 23:18:57 ubuntu cloud-init[600]: ci-info: ++++++++++++++++++++++++++++++++++++++Net device info+++++++++++++++++++++++++++++++++++++++
Dec 18 23:18:57 ubuntu cloud-init[600]: ci-info: +--------+------+---------------------------+-----------------+--------+-------------------+
Dec 18 23:18:57 ubuntu cloud-init[600]: ci-info: | Device |  Up  |          Address          |       Mask      | Scope  |     Hw-Address    |
Dec 18 23:18:57 ubuntu cloud-init[600]: ci-info: +--------+------+---------------------------+-----------------+--------+-------------------+
Dec 18 23:18:57 ubuntu cloud-init[600]: ci-info: |  ens6  | True |      212.227.243.171      | 255.255.255.255 | global | 02:01:40:f9:ec:90 |
Dec 18 23:18:57 ubuntu cloud-init[600]: ci-info: |  ens6  | True | fe80::1:40ff:fef9:ec90/64 |        .        |  link  | 02:01:40:f9:ec:90 |
Dec 18 23:18:57 ubuntu cloud-init[600]: ci-info: |   lo   | True |         127.0.0.1         |    255.0.0.0    |  host  |         .         |
Dec 18 23:18:57 ubuntu cloud-init[600]: ci-info: |   lo   | True |          ::1/128          |        .        |  host  |         .         |
Dec 18 23:18:57 ubuntu cloud-init[600]: ci-info: +--------+------+---------------------------+-----------------+--------+-------------------+
Dec 18 23:18:57 ubuntu cloud-init[600]: ci-info: ++++++++++++++++++++++++++++++++Route IPv4 info+++++++++++++++++++++++++++++++++
Dec 18 23:18:57 ubuntu cloud-init[600]: ci-info: +-------+----------------+---------------+-----------------+-----------+-------+
Dec 18 23:18:57 ubuntu cloud-init[600]: ci-info: | Route |  Destination   |    Gateway    |     Genmask     | Interface | Flags |
Dec 18 23:18:57 ubuntu cloud-init[600]: ci-info: +-------+----------------+---------------+-----------------+-----------+-------+
Dec 18 23:18:57 ubuntu cloud-init[600]: ci-info: |   0   |    0.0.0.0     | 212.227.243.1 |     0.0.0.0     |    ens6   |   UG  |
Dec 18 23:18:57 ubuntu cloud-init[600]: ci-info: |   1   | 212.227.123.16 | 212.227.243.1 | 255.255.255.255 |    ens6   |  UGH  |
Dec 18 23:18:57 ubuntu cloud-init[600]: ci-info: |   2   | 212.227.123.17 | 212.227.243.1 | 255.255.255.255 |    ens6   |  UGH  |
Dec 18 23:18:57 ubuntu cloud-init[600]: ci-info: |   3   | 212.227.243.1  |    0.0.0.0    | 255.255.255.255 |    ens6   |   UH  |
Dec 18 23:18:57 ubuntu cloud-init[600]: ci-info: +-------+----------------+---------------+-----------------+-----------+-------+
Dec 18 23:18:57 ubuntu cloud-init[600]: ci-info: +++++++++++++++++++Route IPv6 info+++++++++++++++++++
Dec 18 23:18:57 ubuntu cloud-init[600]: ci-info: +-------+-------------+---------+-----------+-------+
Dec 18 23:18:57 ubuntu cloud-init[600]: ci-info: | Route | Destination | Gateway | Interface | Flags |
Dec 18 23:18:57 ubuntu cloud-init[600]: ci-info: +-------+-------------+---------+-----------+-------+
Dec 18 23:18:57 ubuntu cloud-init[600]: ci-info: |   1   |  fe80::/64  |    ::   |    ens6   |   U   |
Dec 18 23:18:58 ubuntu cloud-init[600]: ci-info: |   3   |    local    |    ::   |    ens6   |   U   |
Dec 18 23:18:58 ubuntu cloud-init[600]: ci-info: |   4   |  multicast  |    ::   |    ens6   |   U   |
Dec 18 23:18:58 ubuntu cloud-init[600]: ci-info: +-------+-------------+---------+-----------+-------+
Dec 18 23:18:58 ubuntu systemd[1]: Finished Initial cloud-init job (metadata service crawler).
Dec 18 23:18:58 ubuntu systemd[1]: Reached target Cloud-config availability.
Dec 18 23:18:58 ubuntu systemd[1]: Reached target Network is Online.
Dec 18 23:18:58 ubuntu systemd[1]: Reached target System Initialization.
Dec 18 23:18:58 ubuntu systemd[1]: Condition check resulted in Process error reports when automatic reporting is enabled (file watch) being skipped.
Dec 18 23:18:58 ubuntu systemd[1]: Condition check resulted in Process error reports when automatic reporting is enabled (timer based) being skipped.
Dec 18 23:18:58 ubuntu systemd[1]: Started Daily apt download activities.
Dec 18 23:18:58 ubuntu systemd[1]: Started Daily apt upgrade and clean activities.
Dec 18 23:18:58 ubuntu systemd[1]: Started Daily dpkg database backup timer.
Dec 18 23:18:58 ubuntu systemd[1]: Started Periodic ext4 Online Metadata Check for All Filesystems.
Dec 18 23:18:58 ubuntu systemd[1]: Started Discard unused blocks once a week.
Dec 18 23:18:58 ubuntu systemd[1]: Started Daily rotation of log files.
Dec 18 23:18:58 ubuntu systemd[1]: Started Daily man-db regeneration.
Dec 18 23:18:58 ubuntu systemd[1]: Started Message of the Day.
Dec 18 23:18:58 ubuntu systemd[1]: Condition check resulted in Timer to automatically fetch and run repair assertions being skipped.
Dec 18 23:18:58 ubuntu systemd[1]: Started Daily Cleanup of Temporary Directories.
Dec 18 23:18:58 ubuntu systemd[1]: Started Ubuntu Advantage Timer for running repeated jobs.
Dec 18 23:18:58 ubuntu systemd[1]: Started Download data for packages that failed at package install time.
Dec 18 23:18:58 ubuntu systemd[1]: Started Check to see whether there is a new version of Ubuntu available.
Dec 18 23:18:58 ubuntu systemd[1]: Reached target Path Units.
Dec 18 23:18:58 ubuntu systemd[1]: Reached target Timer Units.
Dec 18 23:18:58 ubuntu systemd[1]: Condition check resulted in Unix socket for apport crash forwarding being skipped.
Dec 18 23:18:58 ubuntu systemd[1]: Listening on cloud-init hotplug hook socket.
Dec 18 23:18:58 ubuntu systemd[1]: Listening on D-Bus System Message Bus Socket.
Dec 18 23:18:58 ubuntu systemd[1]: Listening on Open-iSCSI iscsid Socket.
Dec 18 23:18:58 ubuntu systemd[1]: Starting Socket activation for snappy daemon...
Dec 18 23:18:58 ubuntu systemd[1]: Listening on UUID daemon activation socket.
Dec 18 23:18:58 ubuntu systemd[1]: Condition check resulted in Login to default iSCSI targets being skipped.
Dec 18 23:18:58 ubuntu systemd[1]: Reached target Preparation for Remote File Systems.
Dec 18 23:18:58 ubuntu systemd[1]: Reached target Remote File Systems.
Dec 18 23:18:58 ubuntu systemd[1]: Finished Availability of block devices.
Dec 18 23:18:58 ubuntu systemd[1]: Listening on Socket activation for snappy daemon.
Dec 18 23:18:58 ubuntu systemd[1]: Reached target Socket Units.
Dec 18 23:18:58 ubuntu systemd[1]: Reached target Basic System.
Dec 18 23:18:58 ubuntu systemd[1]: Starting LSB: automatic crash report generation...
Dec 18 23:18:58 ubuntu systemd[1]: Started Regular background program processing daemon.
Dec 18 23:18:58 ubuntu systemd[1]: Started D-Bus System Message Bus.
Dec 18 23:18:58 ubuntu cron[606]: (CRON) INFO (pidfile fd = 3)
Dec 18 23:18:58 ubuntu cron[606]: (CRON) INFO (Running @reboot jobs)
Dec 18 23:18:58 ubuntu systemd[1]: Started Save initial kernel messages after boot.
Dec 18 23:18:58 ubuntu systemd[1]: Starting Remove Stale Online ext4 Metadata Check Snapshots...
Dec 18 23:18:58 ubuntu systemd[1]: Condition check resulted in getty on tty2-tty6 if dbus and logind are not available being skipped.
Dec 18 23:18:58 ubuntu systemd[1]: Starting Record successful boot for GRUB...
Dec 18 23:18:58 ubuntu dbus-daemon[607]: [system] AppArmor D-Bus mediation is enabled
Dec 18 23:18:58 ubuntu systemd[1]: Started irqbalance daemon.
Dec 18 23:18:58 ubuntu systemd[1]: Starting Dispatcher daemon for systemd-networkd...
Dec 18 23:18:58 ubuntu systemd[1]: Starting Pollinate to seed the pseudo random number generator...
Dec 18 23:18:58 ubuntu systemd[1]: Starting System Logging Service...
Dec 18 23:18:58 ubuntu systemd[1]: Condition check resulted in Secure Boot updates for DB and DBX being skipped.
Dec 18 23:18:58 ubuntu systemd[1]: Condition check resulted in Userspace listener for prompt events being skipped.
Dec 18 23:18:58 ubuntu systemd[1]: Condition check resulted in Automatically repair incorrect owner/permissions on core devices being skipped.
Dec 18 23:18:58 ubuntu systemd[1]: Condition check resulted in Wait for the Ubuntu Core chooser trigger being skipped.
Dec 18 23:18:58 ubuntu systemd[1]: Reached target Preparation for Logins.
Dec 18 23:18:58 ubuntu /usr/sbin/irqbalance[614]: Balancing is ineffective on systems with a single cpu.  Shutting down
Dec 18 23:18:58 ubuntu systemd[1]: Starting Snap Daemon...
Dec 18 23:18:58 ubuntu systemd[1]: Starting User Login Management...
Dec 18 23:18:58 ubuntu systemd[1]: Starting Permit User Sessions...
Dec 18 23:18:58 ubuntu systemd[1]: Condition check resulted in Ubuntu Advantage reboot cmds being skipped.
Dec 18 23:18:58 ubuntu systemd[1]: e2scrub_reap.service: Deactivated successfully.
Dec 18 23:18:58 ubuntu systemd[1]: Finished Remove Stale Online ext4 Metadata Check Snapshots.
Dec 18 23:18:58 ubuntu systemd[1]: irqbalance.service: Deactivated successfully.
Dec 18 23:18:58 ubuntu systemd[1]: Finished Permit User Sessions.
Dec 18 23:18:58 ubuntu systemd[1]: grub-common.service: Deactivated successfully.
Dec 18 23:18:58 ubuntu systemd[1]: Finished Record successful boot for GRUB.
Dec 18 23:18:58 ubuntu rsyslogd[617]: imuxsock: Acquired UNIX socket '/run/systemd/journal/syslog' (fd 3) from systemd.  [v8.2112.0]
Dec 18 23:18:58 ubuntu rsyslogd[617]: rsyslogd's groupid changed to 111
Dec 18 23:18:58 ubuntu rsyslogd[617]: rsyslogd's userid changed to 104
Dec 18 23:18:58 ubuntu rsyslogd[617]: [origin software="rsyslogd" swVersion="8.2112.0" x-pid="617" x-info="https://www.rsyslog.com"] start
Dec 18 23:18:58 ubuntu systemd[1]: Started System Logging Service.
Dec 18 23:18:58 ubuntu apport[605]:  * Starting automatic crash report generation: apport
Dec 18 23:18:58 ubuntu systemd[1]: Starting GRUB failed boot detection...
Dec 18 23:18:58 ubuntu apport[605]:    ...done.
Dec 18 23:18:58 ubuntu systemd[1]: Starting Hold until boot process finishes up...
Dec 18 23:18:58 ubuntu systemd[1]: Starting Terminate Plymouth Boot Screen...
Dec 18 23:18:58 ubuntu systemd[1]: Started LSB: automatic crash report generation.
Dec 18 23:18:58 ubuntu pollinate[655]: client sent challenge to [https://entropy.ubuntu.com/]
Dec 18 23:18:58 ubuntu systemd[1]: Finished Hold until boot process finishes up.
Dec 18 23:18:58 ubuntu systemd[1]: Finished Terminate Plymouth Boot Screen.
Dec 18 23:18:58 ubuntu systemd[1]: grub-initrd-fallback.service: Deactivated successfully.
Dec 18 23:18:58 ubuntu systemd[1]: Finished GRUB failed boot detection.
Dec 18 23:18:58 ubuntu systemd[1]: Started Serial Getty on ttyS0.
Dec 18 23:18:58 ubuntu systemd[1]: Starting Set console scheme...
Dec 18 23:18:58 ubuntu systemd[1]: Finished Set console scheme.
Dec 18 23:18:58 ubuntu systemd[1]: Created slice Slice /system/getty.
Dec 18 23:18:58 ubuntu systemd[1]: Started Getty on tty1.
Dec 18 23:18:58 ubuntu systemd[1]: Reached target Login Prompts.
Dec 18 23:18:58 ubuntu systemd-logind[620]: Watching system buttons on /dev/input/event0 (Power Button)
Dec 18 23:18:58 ubuntu systemd-logind[620]: Watching system buttons on /dev/input/event1 (AT Translated Set 2 keyboard)
Dec 18 23:18:58 ubuntu systemd-logind[620]: New seat seat0.
Dec 18 23:18:58 ubuntu systemd[1]: Started User Login Management.
Dec 18 23:18:58 ubuntu systemd[1]: Started Unattended Upgrades Shutdown.
Dec 18 23:18:59 ubuntu networkd-dispatcher[615]: No valid path found for iwconfig
Dec 18 23:18:59 ubuntu networkd-dispatcher[615]: No valid path found for iw
Dec 18 23:18:59 ubuntu systemd[1]: Started Dispatcher daemon for systemd-networkd.
Dec 18 23:18:59 ubuntu pollinate[695]: client verified challenge/response with [https://entropy.ubuntu.com/]
Dec 18 23:18:59 ubuntu pollinate[703]: client hashed response from [https://entropy.ubuntu.com/]
Dec 18 23:18:59 ubuntu pollinate[704]: client successfully seeded [/dev/urandom]
Dec 18 23:18:59 ubuntu systemd[1]: pollinate.service: Deactivated successfully.
Dec 18 23:18:59 ubuntu systemd[1]: Finished Pollinate to seed the pseudo random number generator.
Dec 18 23:18:59 ubuntu systemd[1]: Starting OpenBSD Secure Shell server...
Dec 18 23:18:59 ubuntu sshd[708]: Server listening on 0.0.0.0 port 22.
Dec 18 23:18:59 ubuntu sshd[708]: Server listening on :: port 22.
Dec 18 23:18:59 ubuntu systemd[1]: Started OpenBSD Secure Shell server.
Dec 18 23:19:01 ubuntu snapd[618]: overlord.go:272: Acquiring state lock file
Dec 18 23:19:01 ubuntu snapd[618]: overlord.go:277: Acquired state lock file
Dec 18 23:19:01 ubuntu snapd[618]: patch.go:64: Patching system state level 6 to sublevel 1...
Dec 18 23:19:01 ubuntu snapd[618]: patch.go:64: Patching system state level 6 to sublevel 2...
Dec 18 23:19:01 ubuntu snapd[618]: patch.go:64: Patching system state level 6 to sublevel 3...
Dec 18 23:19:01 ubuntu snapd[618]: daemon.go:247: started snapd/2.59.2 (series 16; classic) ubuntu/22.04 (amd64) linux/5.15.0-72-generic.
Dec 18 23:19:01 ubuntu kernel: loop3: detected capacity change from 0 to 8
Dec 18 23:19:01 ubuntu systemd[1]: tmp-syscheck\x2dmountpoint\x2d014376055.mount: Deactivated successfully.
Dec 18 23:19:01 ubuntu snapd[618]: daemon.go:340: adjusting startup timeout by 45s (pessimistic estimate of 30s plus 5s per snap)
Dec 18 23:19:01 ubuntu snapd[618]: backends.go:58: AppArmor status: apparmor is enabled and all features are available
Dec 18 23:19:01 ubuntu systemd[1]: Started Snap Daemon.
Dec 18 23:19:01 ubuntu systemd[1]: Starting Wait until snapd is fully seeded...
Dec 18 23:19:03 ubuntu systemd[1]: dmesg.service: Deactivated successfully.
Dec 18 23:19:05 ubuntu systemd[1]: Started snap.lxd.hook.install.f45a8a05-4ad6-45ed-8280-4f0274cedb6a.scope.
Dec 18 23:19:05 ubuntu systemd[1]: tmp-snap.rootfs_7xgRim.mount: Deactivated successfully.
Dec 18 23:19:07 ubuntu systemd[1]: snap.lxd.hook.install.f45a8a05-4ad6-45ed-8280-4f0274cedb6a.scope: Deactivated successfully.
Dec 18 23:19:08 ubuntu systemd[1]: Reloading.
Dec 18 23:19:09 ubuntu systemd[1]: Listening on Socket unix for snap application lxd.user-daemon.
Dec 18 23:19:09 ubuntu systemd[1]: Listening on Socket unix for snap application lxd.daemon.
Dec 18 23:19:09 ubuntu systemd[1]: Starting Service for snap application lxd.activate...
Dec 18 23:19:09 ubuntu lxd.activate[827]: => Starting LXD activation
Dec 18 23:19:09 ubuntu lxd.activate[827]: ==> Creating missing snap configuration
Dec 18 23:19:11 ubuntu lxd.activate[827]: ==> Loading snap configuration
Dec 18 23:19:11 ubuntu lxd.activate[827]: ==> Checking for socket activation support
Dec 18 23:19:11 ubuntu lxd.activate[827]: ==> Creating "lxd" user
Dec 18 23:19:11 ubuntu useradd[1006]: new user: name=lxd, UID=999, GID=100, home=/var/snap/lxd/common/lxd, shell=/bin/false, from=none
Dec 18 23:19:11 ubuntu lxd.activate[827]: ==> Setting LXD socket ownership
Dec 18 23:19:11 ubuntu lxd.activate[827]: ==> Setting LXD user socket ownership
Dec 18 23:19:11 ubuntu lxd.activate[827]: ==> LXD never started on this system, no need to start it now
Dec 18 23:19:11 ubuntu systemd[1]: snap.lxd.activate.service: Deactivated successfully.
